<?xml version="1.0"?>
<link_info>
   <banner>TMS320C2000 Linker PC v6.2.7</banner>
   <copyright>Copyright (c) 1996-2014 Texas Instruments Incorporated</copyright>
   <link_time>0x54901422</link_time>
   <link_errors>0x0</link_errors>
   <output_file>Inverter.out</output_file>
   <entry_point>
      <name>_c_int00</name>
      <address>0x921c</address>
   </entry_point>
   <input_file_list>
      <input_file id="fl-2">
         <path>.\</path>
         <kind>object</kind>
         <file>PWM_ADC.obj</file>
         <name>PWM_ADC.obj</name>
      </input_file>
      <input_file id="fl-3">
         <path>.\</path>
         <kind>object</kind>
         <file>PWM_CoreCalculate.obj</file>
         <name>PWM_CoreCalculate.obj</name>
      </input_file>
      <input_file id="fl-4">
         <path>.\</path>
         <kind>object</kind>
         <file>PWM_Main.obj</file>
         <name>PWM_Main.obj</name>
      </input_file>
      <input_file id="fl-5">
         <path>.\</path>
         <kind>object</kind>
         <file>PWM_Parameter.obj</file>
         <name>PWM_Parameter.obj</name>
      </input_file>
      <input_file id="fl-6">
         <path>.\</path>
         <kind>object</kind>
         <file>PWM_SCI.obj</file>
         <name>PWM_SCI.obj</name>
      </input_file>
      <input_file id="fl-7">
         <path>.\</path>
         <kind>object</kind>
         <file>PWM_SupportCalculate.obj</file>
         <name>PWM_SupportCalculate.obj</name>
      </input_file>
      <input_file id="fl-8">
         <path>.\</path>
         <kind>object</kind>
         <file>PWM_Timer.obj</file>
         <name>PWM_Timer.obj</name>
      </input_file>
      <input_file id="fl-9">
         <path>.\</path>
         <kind>object</kind>
         <file>PWM_ePWM.obj</file>
         <name>PWM_ePWM.obj</name>
      </input_file>
      <input_file id="fl-a">
         <path>.\source\</path>
         <kind>object</kind>
         <file>DSP2833x_ADC_cal.obj</file>
         <name>DSP2833x_ADC_cal.obj</name>
      </input_file>
      <input_file id="fl-b">
         <path>.\source\</path>
         <kind>object</kind>
         <file>DSP2833x_Adc.obj</file>
         <name>DSP2833x_Adc.obj</name>
      </input_file>
      <input_file id="fl-c">
         <path>.\source\</path>
         <kind>object</kind>
         <file>DSP2833x_CSMPasswords.obj</file>
         <name>DSP2833x_CSMPasswords.obj</name>
      </input_file>
      <input_file id="fl-d">
         <path>.\source\</path>
         <kind>object</kind>
         <file>DSP2833x_CodeStartBranch.obj</file>
         <name>DSP2833x_CodeStartBranch.obj</name>
      </input_file>
      <input_file id="fl-e">
         <path>.\source\</path>
         <kind>object</kind>
         <file>DSP2833x_CpuTimers.obj</file>
         <name>DSP2833x_CpuTimers.obj</name>
      </input_file>
      <input_file id="fl-f">
         <path>.\source\</path>
         <kind>object</kind>
         <file>DSP2833x_DBGIER.obj</file>
         <name>DSP2833x_DBGIER.obj</name>
      </input_file>
      <input_file id="fl-10">
         <path>.\source\</path>
         <kind>object</kind>
         <file>DSP2833x_DMA.obj</file>
         <name>DSP2833x_DMA.obj</name>
      </input_file>
      <input_file id="fl-11">
         <path>.\source\</path>
         <kind>object</kind>
         <file>DSP2833x_DefaultIsr.obj</file>
         <name>DSP2833x_DefaultIsr.obj</name>
      </input_file>
      <input_file id="fl-12">
         <path>.\source\</path>
         <kind>object</kind>
         <file>DSP2833x_DisInt.obj</file>
         <name>DSP2833x_DisInt.obj</name>
      </input_file>
      <input_file id="fl-13">
         <path>.\source\</path>
         <kind>object</kind>
         <file>DSP2833x_ECan.obj</file>
         <name>DSP2833x_ECan.obj</name>
      </input_file>
      <input_file id="fl-14">
         <path>.\source\</path>
         <kind>object</kind>
         <file>DSP2833x_ECap.obj</file>
         <name>DSP2833x_ECap.obj</name>
      </input_file>
      <input_file id="fl-15">
         <path>.\source\</path>
         <kind>object</kind>
         <file>DSP2833x_EPwm.obj</file>
         <name>DSP2833x_EPwm.obj</name>
      </input_file>
      <input_file id="fl-16">
         <path>.\source\</path>
         <kind>object</kind>
         <file>DSP2833x_EQep.obj</file>
         <name>DSP2833x_EQep.obj</name>
      </input_file>
      <input_file id="fl-17">
         <path>.\source\</path>
         <kind>object</kind>
         <file>DSP2833x_GlobalVariableDefs.obj</file>
         <name>DSP2833x_GlobalVariableDefs.obj</name>
      </input_file>
      <input_file id="fl-18">
         <path>.\source\</path>
         <kind>object</kind>
         <file>DSP2833x_Gpio.obj</file>
         <name>DSP2833x_Gpio.obj</name>
      </input_file>
      <input_file id="fl-19">
         <path>.\source\</path>
         <kind>object</kind>
         <file>DSP2833x_I2C.obj</file>
         <name>DSP2833x_I2C.obj</name>
      </input_file>
      <input_file id="fl-1a">
         <path>.\source\</path>
         <kind>object</kind>
         <file>DSP2833x_Mcbsp.obj</file>
         <name>DSP2833x_Mcbsp.obj</name>
      </input_file>
      <input_file id="fl-1b">
         <path>.\source\</path>
         <kind>object</kind>
         <file>DSP2833x_MemCopy.obj</file>
         <name>DSP2833x_MemCopy.obj</name>
      </input_file>
      <input_file id="fl-1c">
         <path>.\source\</path>
         <kind>object</kind>
         <file>DSP2833x_PieCtrl.obj</file>
         <name>DSP2833x_PieCtrl.obj</name>
      </input_file>
      <input_file id="fl-1d">
         <path>.\source\</path>
         <kind>object</kind>
         <file>DSP2833x_PieVect.obj</file>
         <name>DSP2833x_PieVect.obj</name>
      </input_file>
      <input_file id="fl-1e">
         <path>.\source\</path>
         <kind>object</kind>
         <file>DSP2833x_Sci.obj</file>
         <name>DSP2833x_Sci.obj</name>
      </input_file>
      <input_file id="fl-1f">
         <path>.\source\</path>
         <kind>object</kind>
         <file>DSP2833x_Spi.obj</file>
         <name>DSP2833x_Spi.obj</name>
      </input_file>
      <input_file id="fl-20">
         <path>.\source\</path>
         <kind>object</kind>
         <file>DSP2833x_SysCtrl.obj</file>
         <name>DSP2833x_SysCtrl.obj</name>
      </input_file>
      <input_file id="fl-21">
         <path>.\source\</path>
         <kind>object</kind>
         <file>DSP2833x_Xintf.obj</file>
         <name>DSP2833x_Xintf.obj</name>
      </input_file>
      <input_file id="fl-22">
         <path>.\source\</path>
         <kind>object</kind>
         <file>DSP2833x_usDelay.obj</file>
         <name>DSP2833x_usDelay.obj</name>
      </input_file>
      <input_file id="fl-23">
         <path>.\source\</path>
         <kind>object</kind>
         <file>FPUmathTables.obj</file>
         <name>FPUmathTables.obj</name>
      </input_file>
      <input_file id="fl-24">
         <path>.\source\</path>
         <kind>object</kind>
         <file>cos_f32.obj</file>
         <name>cos_f32.obj</name>
      </input_file>
      <input_file id="fl-25">
         <path>.\source\</path>
         <kind>object</kind>
         <file>sin_f32.obj</file>
         <name>sin_f32.obj</name>
      </input_file>
      <input_file id="fl-26">
         <path>.\source\</path>
         <kind>object</kind>
         <file>sqrt_f32.obj</file>
         <name>sqrt_f32.obj</name>
      </input_file>
      <input_file id="fl-2a">
         <path>C:\ti\ccsv6\tools\compiler\c2000_6.2.7\lib\</path>
         <kind>archive</kind>
         <file>rts2800_fpu32_fast_supplement.lib</file>
         <name>div_f32.obj</name>
      </input_file>
      <input_file id="fl-37">
         <path>c:\ti\ccsv6\tools\compiler\c2000_6.2.7\lib\</path>
         <kind>archive</kind>
         <file>rts2800_fpu32.lib</file>
         <name>boot.obj</name>
      </input_file>
      <input_file id="fl-38">
         <path>c:\ti\ccsv6\tools\compiler\c2000_6.2.7\lib\</path>
         <kind>archive</kind>
         <file>rts2800_fpu32.lib</file>
         <name>exit.obj</name>
      </input_file>
      <input_file id="fl-39">
         <path>c:\ti\ccsv6\tools\compiler\c2000_6.2.7\lib\</path>
         <kind>archive</kind>
         <file>rts2800_fpu32.lib</file>
         <name>_lock.obj</name>
      </input_file>
      <input_file id="fl-3a">
         <path>c:\ti\ccsv6\tools\compiler\c2000_6.2.7\lib\</path>
         <kind>archive</kind>
         <file>rts2800_fpu32.lib</file>
         <name>args_main.obj</name>
      </input_file>
   </input_file_list>
   <object_component_list>
      <object_component id="oc-7e">
         <name>codestart</name>
         <load_address>0x0</load_address>
         <run_address>0x0</run_address>
         <size>0x2</size>
         <input_file_ref idref="fl-d"/>
      </object_component>
      <object_component id="oc-105">
         <name>ramfuncs</name>
         <load_address>0x808c</load_address>
         <run_address>0x808c</run_address>
         <size>0x4</size>
         <input_file_ref idref="fl-22"/>
      </object_component>
      <object_component id="oc-131">
         <name>.text</name>
         <load_address>0x8500</load_address>
         <run_address>0x8500</run_address>
         <size>0x3d4</size>
         <input_file_ref idref="fl-3"/>
      </object_component>
      <object_component id="oc-90">
         <name>.text:retain</name>
         <load_address>0x88d4</load_address>
         <run_address>0x88d4</run_address>
         <size>0x316</size>
         <input_file_ref idref="fl-11"/>
      </object_component>
      <object_component id="oc-132">
         <name>.text</name>
         <load_address>0x8bea</load_address>
         <run_address>0x8bea</run_address>
         <size>0x29d</size>
         <input_file_ref idref="fl-7"/>
      </object_component>
      <object_component id="oc-137">
         <name>.text</name>
         <load_address>0x8e87</load_address>
         <run_address>0x8e87</run_address>
         <size>0xf7</size>
         <input_file_ref idref="fl-20"/>
      </object_component>
      <object_component id="oc-13b">
         <name>.text</name>
         <load_address>0x8f7e</load_address>
         <run_address>0x8f7e</run_address>
         <size>0xc8</size>
         <input_file_ref idref="fl-15"/>
      </object_component>
      <object_component id="oc-59">
         <name>.text:retain</name>
         <load_address>0x9046</load_address>
         <run_address>0x9046</run_address>
         <size>0x9d</size>
         <input_file_ref idref="fl-4"/>
      </object_component>
      <object_component id="oc-13a">
         <name>.text</name>
         <load_address>0x90e3</load_address>
         <run_address>0x90e3</run_address>
         <size>0x7c</size>
         <input_file_ref idref="fl-9"/>
      </object_component>
      <object_component id="oc-134">
         <name>.text</name>
         <load_address>0x915f</load_address>
         <run_address>0x915f</run_address>
         <size>0x75</size>
         <input_file_ref idref="fl-4"/>
      </object_component>
      <object_component id="oc-13d">
         <name>.text</name>
         <load_address>0x91d4</load_address>
         <run_address>0x91d4</run_address>
         <size>0x48</size>
         <input_file_ref idref="fl-1e"/>
      </object_component>
      <object_component id="oc-4b">
         <name>.text</name>
         <load_address>0x921c</load_address>
         <run_address>0x921c</run_address>
         <size>0x46</size>
         <input_file_ref idref="fl-37"/>
      </object_component>
      <object_component id="oc-10a">
         <name>.text</name>
         <load_address>0x9262</load_address>
         <run_address>0x9262</run_address>
         <size>0x34</size>
         <input_file_ref idref="fl-24"/>
      </object_component>
      <object_component id="oc-10e">
         <name>.text</name>
         <load_address>0x9296</load_address>
         <run_address>0x9296</run_address>
         <size>0x34</size>
         <input_file_ref idref="fl-25"/>
      </object_component>
      <object_component id="oc-135">
         <name>.text</name>
         <load_address>0x92ca</load_address>
         <run_address>0x92ca</run_address>
         <size>0x32</size>
         <input_file_ref idref="fl-2"/>
      </object_component>
      <object_component id="oc-136">
         <name>.text</name>
         <load_address>0x92fc</load_address>
         <run_address>0x92fc</run_address>
         <size>0x2a</size>
         <input_file_ref idref="fl-6"/>
      </object_component>
      <object_component id="oc-138">
         <name>.text</name>
         <load_address>0x9326</load_address>
         <run_address>0x9326</run_address>
         <size>0x28</size>
         <input_file_ref idref="fl-1c"/>
      </object_component>
      <object_component id="oc-112">
         <name>.text</name>
         <load_address>0x934e</load_address>
         <run_address>0x934e</run_address>
         <size>0x21</size>
         <input_file_ref idref="fl-26"/>
      </object_component>
      <object_component id="oc-139">
         <name>.text</name>
         <load_address>0x936f</load_address>
         <run_address>0x936f</run_address>
         <size>0x20</size>
         <input_file_ref idref="fl-1d"/>
      </object_component>
      <object_component id="oc-12f">
         <name>.text</name>
         <load_address>0x938f</load_address>
         <run_address>0x938f</run_address>
         <size>0x19</size>
         <input_file_ref idref="fl-3a"/>
      </object_component>
      <object_component id="oc-130">
         <name>.text</name>
         <load_address>0x93a8</load_address>
         <run_address>0x93a8</run_address>
         <size>0x19</size>
         <input_file_ref idref="fl-38"/>
      </object_component>
      <object_component id="oc-116">
         <name>.text</name>
         <load_address>0x93c1</load_address>
         <run_address>0x93c1</run_address>
         <size>0x19</size>
         <input_file_ref idref="fl-2a"/>
      </object_component>
      <object_component id="oc-13c">
         <name>.text</name>
         <load_address>0x93da</load_address>
         <run_address>0x93da</run_address>
         <size>0x14</size>
         <input_file_ref idref="fl-b"/>
      </object_component>
      <object_component id="oc-61">
         <name>.text:retain</name>
         <load_address>0x93ee</load_address>
         <run_address>0x93ee</run_address>
         <size>0xd</size>
         <input_file_ref idref="fl-6"/>
      </object_component>
      <object_component id="oc-133">
         <name>.text</name>
         <load_address>0x93fb</load_address>
         <run_address>0x93fb</run_address>
         <size>0x9</size>
         <input_file_ref idref="fl-39"/>
      </object_component>
      <object_component id="oc-7d">
         <name>.text</name>
         <load_address>0x9404</load_address>
         <run_address>0x9404</run_address>
         <size>0x8</size>
         <input_file_ref idref="fl-d"/>
      </object_component>
      <object_component id="oc-94">
         <name>.text</name>
         <load_address>0x940c</load_address>
         <run_address>0x940c</run_address>
         <size>0x7</size>
         <input_file_ref idref="fl-12"/>
      </object_component>
      <object_component id="oc-87">
         <name>.text</name>
         <load_address>0x9413</load_address>
         <run_address>0x9413</run_address>
         <size>0x3</size>
         <input_file_ref idref="fl-f"/>
      </object_component>
      <object_component id="oc-66">
         <name>.cinit</name>
         <load_address>0x8000</load_address>
         <run_address>0x8000</run_address>
         <size>0x66</size>
         <input_file_ref idref="fl-7"/>
      </object_component>
      <object_component id="oc-126">
         <name>.cinit</name>
         <load_address>0x8066</load_address>
         <run_address>0x8066</run_address>
         <size>0xa</size>
         <input_file_ref idref="fl-39"/>
      </object_component>
      <object_component id="oc-120">
         <name>.cinit</name>
         <load_address>0x8070</load_address>
         <run_address>0x8070</run_address>
         <size>0xa</size>
         <input_file_ref idref="fl-38"/>
      </object_component>
      <object_component id="oc-51">
         <name>.cinit</name>
         <load_address>0x807a</load_address>
         <run_address>0x807a</run_address>
         <size>0x8</size>
         <input_file_ref idref="fl-3"/>
      </object_component>
      <object_component id="oc-57">
         <name>.cinit</name>
         <load_address>0x8082</load_address>
         <run_address>0x8082</run_address>
         <size>0x8</size>
         <input_file_ref idref="fl-4"/>
      </object_component>
      <object_component id="oc-11a">
         <name>.stack</name>
         <uninitialized>true</uninitialized>
         <run_address>0x400</run_address>
         <size>0x0</size>
         <input_file_ref idref="fl-37"/>
      </object_component>
      <object_component id="oc-190">
         <name>.stack</name>
         <uninitialized>true</uninitialized>
         <run_address>0x400</run_address>
         <size>0x0</size>
      </object_component>
      <object_component id="oc-52">
         <name>.ebss</name>
         <uninitialized>true</uninitialized>
         <run_address>0xc0a2</run_address>
         <size>0x2</size>
         <input_file_ref idref="fl-3"/>
      </object_component>
      <object_component id="oc-58">
         <name>.ebss</name>
         <uninitialized>true</uninitialized>
         <run_address>0xc098</run_address>
         <size>0x6</size>
         <input_file_ref idref="fl-4"/>
      </object_component>
      <object_component id="oc-5e">
         <name>.ebss</name>
         <uninitialized>true</uninitialized>
         <run_address>0xc000</run_address>
         <size>0x58</size>
         <input_file_ref idref="fl-5"/>
      </object_component>
      <object_component id="oc-67">
         <name>.ebss</name>
         <uninitialized>true</uninitialized>
         <run_address>0xc058</run_address>
         <size>0x24</size>
         <input_file_ref idref="fl-7"/>
      </object_component>
      <object_component id="oc-83">
         <name>.ebss</name>
         <uninitialized>true</uninitialized>
         <run_address>0xc080</run_address>
         <size>0x18</size>
         <input_file_ref idref="fl-e"/>
      </object_component>
      <object_component id="oc-121">
         <name>.ebss</name>
         <uninitialized>true</uninitialized>
         <run_address>0xc09e</run_address>
         <size>0x4</size>
         <input_file_ref idref="fl-38"/>
      </object_component>
      <object_component id="oc-127">
         <name>.ebss</name>
         <uninitialized>true</uninitialized>
         <run_address>0xc07c</run_address>
         <size>0x4</size>
         <input_file_ref idref="fl-39"/>
      </object_component>
      <object_component id="oc-f1">
         <name>.econst</name>
         <load_address>0xd000</load_address>
         <run_address>0xd000</run_address>
         <size>0x100</size>
         <input_file_ref idref="fl-1d"/>
      </object_component>
      <object_component id="oc-109">
         <name>FPUmathTables</name>
         <load_address>0x3febdc</load_address>
         <run_address>0x3febdc</run_address>
         <size>0x6a0</size>
         <input_file_ref idref="fl-23"/>
      </object_component>
      <object_component id="oc-11b">
         <name>.reset</name>
         <load_address>0x3fffc0</load_address>
         <run_address>0x3fffc0</run_address>
         <size>0x2</size>
         <input_file_ref idref="fl-37"/>
      </object_component>
      <object_component id="oc-7c">
         <name>csm_rsvd</name>
         <load_address>0x33ff80</load_address>
         <run_address>0x33ff80</run_address>
         <size>0x76</size>
         <input_file_ref idref="fl-c"/>
      </object_component>
      <object_component id="oc-7b">
         <name>csmpasswds</name>
         <load_address>0x33fff8</load_address>
         <run_address>0x33fff8</run_address>
         <size>0x8</size>
         <input_file_ref idref="fl-c"/>
      </object_component>
      <object_component id="oc-73">
         <name>.adc_cal</name>
         <load_address>0x380080</load_address>
         <run_address>0x380080</run_address>
         <size>0x7</size>
         <input_file_ref idref="fl-a"/>
      </object_component>
      <object_component id="oc-da">
         <name>PieVectTableFile</name>
         <uninitialized>true</uninitialized>
         <run_address>0xd00</run_address>
         <size>0x100</size>
         <input_file_ref idref="fl-17"/>
      </object_component>
      <object_component id="oc-d6">
         <name>DevEmuRegsFile</name>
         <uninitialized>true</uninitialized>
         <run_address>0x880</run_address>
         <size>0xd0</size>
         <input_file_ref idref="fl-17"/>
      </object_component>
      <object_component id="oc-ac">
         <name>FlashRegsFile</name>
         <uninitialized>true</uninitialized>
         <run_address>0xa80</run_address>
         <size>0x8</size>
         <input_file_ref idref="fl-17"/>
      </object_component>
      <object_component id="oc-b4">
         <name>CsmRegsFile</name>
         <uninitialized>true</uninitialized>
         <run_address>0xae0</run_address>
         <size>0x10</size>
         <input_file_ref idref="fl-17"/>
      </object_component>
      <object_component id="oc-b5">
         <name>AdcMirrorFile</name>
         <uninitialized>true</uninitialized>
         <run_address>0xb00</run_address>
         <size>0x10</size>
         <input_file_ref idref="fl-17"/>
      </object_component>
      <object_component id="oc-b9">
         <name>XintfRegsFile</name>
         <uninitialized>true</uninitialized>
         <run_address>0xb20</run_address>
         <size>0x1e</size>
         <input_file_ref idref="fl-17"/>
      </object_component>
      <object_component id="oc-ad">
         <name>CpuTimer0RegsFile</name>
         <uninitialized>true</uninitialized>
         <run_address>0xc00</run_address>
         <size>0x8</size>
         <input_file_ref idref="fl-17"/>
      </object_component>
      <object_component id="oc-ae">
         <name>CpuTimer1RegsFile</name>
         <uninitialized>true</uninitialized>
         <run_address>0xc08</run_address>
         <size>0x8</size>
         <input_file_ref idref="fl-17"/>
      </object_component>
      <object_component id="oc-aa">
         <name>CpuTimer2RegsFile</name>
         <uninitialized>true</uninitialized>
         <run_address>0xc10</run_address>
         <size>0x8</size>
         <input_file_ref idref="fl-17"/>
      </object_component>
      <object_component id="oc-b7">
         <name>PieCtrlRegsFile</name>
         <uninitialized>true</uninitialized>
         <run_address>0xce0</run_address>
         <size>0x1a</size>
         <input_file_ref idref="fl-17"/>
      </object_component>
      <object_component id="oc-d7">
         <name>DmaRegsFile</name>
         <uninitialized>true</uninitialized>
         <run_address>0x1000</run_address>
         <size>0xe0</size>
         <input_file_ref idref="fl-17"/>
      </object_component>
      <object_component id="oc-ca">
         <name>McbspaRegsFile</name>
         <uninitialized>true</uninitialized>
         <run_address>0x5000</run_address>
         <size>0x25</size>
         <input_file_ref idref="fl-17"/>
      </object_component>
      <object_component id="oc-c9">
         <name>McbspbRegsFile</name>
         <uninitialized>true</uninitialized>
         <run_address>0x5040</run_address>
         <size>0x25</size>
         <input_file_ref idref="fl-17"/>
      </object_component>
      <object_component id="oc-cc">
         <name>ECanaRegsFile</name>
         <uninitialized>true</uninitialized>
         <run_address>0x6000</run_address>
         <size>0x34</size>
         <input_file_ref idref="fl-17"/>
      </object_component>
      <object_component id="oc-d0">
         <name>ECanaLAMRegsFile</name>
         <uninitialized>true</uninitialized>
         <run_address>0x6040</run_address>
         <size>0x40</size>
         <input_file_ref idref="fl-17"/>
      </object_component>
      <object_component id="oc-d9">
         <name>ECanaMboxesFile</name>
         <uninitialized>true</uninitialized>
         <run_address>0x6100</run_address>
         <size>0x100</size>
         <input_file_ref idref="fl-17"/>
      </object_component>
      <object_component id="oc-d1">
         <name>ECanaMOTSRegsFile</name>
         <uninitialized>true</uninitialized>
         <run_address>0x6080</run_address>
         <size>0x40</size>
         <input_file_ref idref="fl-17"/>
      </object_component>
      <object_component id="oc-ce">
         <name>ECanaMOTORegsFile</name>
         <uninitialized>true</uninitialized>
         <run_address>0x60c0</run_address>
         <size>0x40</size>
         <input_file_ref idref="fl-17"/>
      </object_component>
      <object_component id="oc-cd">
         <name>ECanbRegsFile</name>
         <uninitialized>true</uninitialized>
         <run_address>0x6200</run_address>
         <size>0x34</size>
         <input_file_ref idref="fl-17"/>
      </object_component>
      <object_component id="oc-d5">
         <name>ECanbLAMRegsFile</name>
         <uninitialized>true</uninitialized>
         <run_address>0x6240</run_address>
         <size>0x40</size>
         <input_file_ref idref="fl-17"/>
      </object_component>
      <object_component id="oc-d8">
         <name>ECanbMboxesFile</name>
         <uninitialized>true</uninitialized>
         <run_address>0x6300</run_address>
         <size>0x100</size>
         <input_file_ref idref="fl-17"/>
      </object_component>
      <object_component id="oc-cf">
         <name>ECanbMOTSRegsFile</name>
         <uninitialized>true</uninitialized>
         <run_address>0x6280</run_address>
         <size>0x40</size>
         <input_file_ref idref="fl-17"/>
      </object_component>
      <object_component id="oc-d2">
         <name>ECanbMOTORegsFile</name>
         <uninitialized>true</uninitialized>
         <run_address>0x62c0</run_address>
         <size>0x40</size>
         <input_file_ref idref="fl-17"/>
      </object_component>
      <object_component id="oc-c7">
         <name>EPwm1RegsFile</name>
         <uninitialized>true</uninitialized>
         <run_address>0x6800</run_address>
         <size>0x22</size>
         <input_file_ref idref="fl-17"/>
      </object_component>
      <object_component id="oc-c2">
         <name>EPwm2RegsFile</name>
         <uninitialized>true</uninitialized>
         <run_address>0x6840</run_address>
         <size>0x22</size>
         <input_file_ref idref="fl-17"/>
      </object_component>
      <object_component id="oc-c3">
         <name>EPwm3RegsFile</name>
         <uninitialized>true</uninitialized>
         <run_address>0x6880</run_address>
         <size>0x22</size>
         <input_file_ref idref="fl-17"/>
      </object_component>
      <object_component id="oc-c8">
         <name>EPwm4RegsFile</name>
         <uninitialized>true</uninitialized>
         <run_address>0x68c0</run_address>
         <size>0x22</size>
         <input_file_ref idref="fl-17"/>
      </object_component>
      <object_component id="oc-c5">
         <name>EPwm5RegsFile</name>
         <uninitialized>true</uninitialized>
         <run_address>0x6900</run_address>
         <size>0x22</size>
         <input_file_ref idref="fl-17"/>
      </object_component>
      <object_component id="oc-c6">
         <name>EPwm6RegsFile</name>
         <uninitialized>true</uninitialized>
         <run_address>0x6940</run_address>
         <size>0x22</size>
         <input_file_ref idref="fl-17"/>
      </object_component>
      <object_component id="oc-bc">
         <name>ECap1RegsFile</name>
         <uninitialized>true</uninitialized>
         <run_address>0x6a00</run_address>
         <size>0x20</size>
         <input_file_ref idref="fl-17"/>
      </object_component>
      <object_component id="oc-bd">
         <name>ECap2RegsFile</name>
         <uninitialized>true</uninitialized>
         <run_address>0x6a20</run_address>
         <size>0x20</size>
         <input_file_ref idref="fl-17"/>
      </object_component>
      <object_component id="oc-ba">
         <name>ECap3RegsFile</name>
         <uninitialized>true</uninitialized>
         <run_address>0x6a40</run_address>
         <size>0x20</size>
         <input_file_ref idref="fl-17"/>
      </object_component>
      <object_component id="oc-bb">
         <name>ECap4RegsFile</name>
         <uninitialized>true</uninitialized>
         <run_address>0x6a60</run_address>
         <size>0x20</size>
         <input_file_ref idref="fl-17"/>
      </object_component>
      <object_component id="oc-c0">
         <name>ECap5RegsFile</name>
         <uninitialized>true</uninitialized>
         <run_address>0x6a80</run_address>
         <size>0x20</size>
         <input_file_ref idref="fl-17"/>
      </object_component>
      <object_component id="oc-c1">
         <name>ECap6RegsFile</name>
         <uninitialized>true</uninitialized>
         <run_address>0x6aa0</run_address>
         <size>0x20</size>
         <input_file_ref idref="fl-17"/>
      </object_component>
      <object_component id="oc-d3">
         <name>EQep1RegsFile</name>
         <uninitialized>true</uninitialized>
         <run_address>0x6b00</run_address>
         <size>0x40</size>
         <input_file_ref idref="fl-17"/>
      </object_component>
      <object_component id="oc-d4">
         <name>EQep2RegsFile</name>
         <uninitialized>true</uninitialized>
         <run_address>0x6b40</run_address>
         <size>0x40</size>
         <input_file_ref idref="fl-17"/>
      </object_component>
      <object_component id="oc-cb">
         <name>GpioCtrlRegsFile</name>
         <uninitialized>true</uninitialized>
         <run_address>0x6f80</run_address>
         <size>0x2e</size>
         <input_file_ref idref="fl-17"/>
      </object_component>
      <object_component id="oc-be">
         <name>GpioDataRegsFile</name>
         <uninitialized>true</uninitialized>
         <run_address>0x6fc0</run_address>
         <size>0x20</size>
         <input_file_ref idref="fl-17"/>
      </object_component>
      <object_component id="oc-af">
         <name>GpioIntRegsFile</name>
         <uninitialized>true</uninitialized>
         <run_address>0x6fe0</run_address>
         <size>0xa</size>
         <input_file_ref idref="fl-17"/>
      </object_component>
      <object_component id="oc-bf">
         <name>SysCtrlRegsFile</name>
         <uninitialized>true</uninitialized>
         <run_address>0x7010</run_address>
         <size>0x20</size>
         <input_file_ref idref="fl-17"/>
      </object_component>
      <object_component id="oc-b0">
         <name>SpiaRegsFile</name>
         <uninitialized>true</uninitialized>
         <run_address>0x7040</run_address>
         <size>0x10</size>
         <input_file_ref idref="fl-17"/>
      </object_component>
      <object_component id="oc-b3">
         <name>SciaRegsFile</name>
         <uninitialized>true</uninitialized>
         <run_address>0x7050</run_address>
         <size>0x10</size>
         <input_file_ref idref="fl-17"/>
      </object_component>
      <object_component id="oc-b6">
         <name>XIntruptRegsFile</name>
         <uninitialized>true</uninitialized>
         <run_address>0x7070</run_address>
         <size>0x10</size>
         <input_file_ref idref="fl-17"/>
      </object_component>
      <object_component id="oc-b8">
         <name>AdcRegsFile</name>
         <uninitialized>true</uninitialized>
         <run_address>0x7100</run_address>
         <size>0x1e</size>
         <input_file_ref idref="fl-17"/>
      </object_component>
      <object_component id="oc-b1">
         <name>ScibRegsFile</name>
         <uninitialized>true</uninitialized>
         <run_address>0x7750</run_address>
         <size>0x10</size>
         <input_file_ref idref="fl-17"/>
      </object_component>
      <object_component id="oc-b2">
         <name>ScicRegsFile</name>
         <uninitialized>true</uninitialized>
         <run_address>0x7770</run_address>
         <size>0x10</size>
         <input_file_ref idref="fl-17"/>
      </object_component>
      <object_component id="oc-c4">
         <name>I2caRegsFile</name>
         <uninitialized>true</uninitialized>
         <run_address>0x7900</run_address>
         <size>0x22</size>
         <input_file_ref idref="fl-17"/>
      </object_component>
      <object_component id="oc-ab">
         <name>CsmPwlFile</name>
         <uninitialized>true</uninitialized>
         <run_address>0x33fff8</run_address>
         <size>0x8</size>
         <input_file_ref idref="fl-17"/>
      </object_component>
      <object_component id="oc-a9">
         <name>PartIdRegsFile</name>
         <uninitialized>true</uninitialized>
         <run_address>0x380090</run_address>
         <size>0x1</size>
         <input_file_ref idref="fl-17"/>
      </object_component>
      <object_component id="oc-4c">
         <name>.debug_info</name>
         <load_address>0x0</load_address>
         <run_address>0x0</run_address>
         <size>0x1e36</size>
         <input_file_ref idref="fl-2"/>
      </object_component>
      <object_component id="oc-50">
         <name>.debug_info</name>
         <load_address>0x1e36</load_address>
         <run_address>0x1e36</run_address>
         <size>0xa3f</size>
         <input_file_ref idref="fl-3"/>
      </object_component>
      <object_component id="oc-56">
         <name>.debug_info</name>
         <load_address>0x2875</load_address>
         <run_address>0x2875</run_address>
         <size>0x3cc7</size>
         <input_file_ref idref="fl-4"/>
      </object_component>
      <object_component id="oc-5d">
         <name>.debug_info</name>
         <load_address>0x653c</load_address>
         <run_address>0x653c</run_address>
         <size>0x69d</size>
         <input_file_ref idref="fl-5"/>
      </object_component>
      <object_component id="oc-60">
         <name>.debug_info</name>
         <load_address>0x6bd9</load_address>
         <run_address>0x6bd9</run_address>
         <size>0x1a3a</size>
         <input_file_ref idref="fl-6"/>
      </object_component>
      <object_component id="oc-65">
         <name>.debug_info</name>
         <load_address>0x8613</load_address>
         <run_address>0x8613</run_address>
         <size>0xb2c</size>
         <input_file_ref idref="fl-7"/>
      </object_component>
      <object_component id="oc-6b">
         <name>.debug_info</name>
         <load_address>0x913f</load_address>
         <run_address>0x913f</run_address>
         <size>0x6b9</size>
         <input_file_ref idref="fl-8"/>
      </object_component>
      <object_component id="oc-6f">
         <name>.debug_info</name>
         <load_address>0x97f8</load_address>
         <run_address>0x97f8</run_address>
         <size>0x1795</size>
         <input_file_ref idref="fl-9"/>
      </object_component>
      <object_component id="oc-74">
         <name>.debug_info</name>
         <load_address>0xaf8d</load_address>
         <run_address>0xaf8d</run_address>
         <size>0xda</size>
         <input_file_ref idref="fl-a"/>
      </object_component>
      <object_component id="oc-77">
         <name>.debug_info</name>
         <load_address>0xb067</load_address>
         <run_address>0xb067</run_address>
         <size>0x1e45</size>
         <input_file_ref idref="fl-b"/>
      </object_component>
      <object_component id="oc-7f">
         <name>.debug_info</name>
         <load_address>0xceac</load_address>
         <run_address>0xceac</run_address>
         <size>0x11e</size>
         <input_file_ref idref="fl-d"/>
      </object_component>
      <object_component id="oc-82">
         <name>.debug_info</name>
         <load_address>0xcfca</load_address>
         <run_address>0xcfca</run_address>
         <size>0x7fd</size>
         <input_file_ref idref="fl-e"/>
      </object_component>
      <object_component id="oc-88">
         <name>.debug_info</name>
         <load_address>0xd7c7</load_address>
         <run_address>0xd7c7</run_address>
         <size>0xd8</size>
         <input_file_ref idref="fl-f"/>
      </object_component>
      <object_component id="oc-8b">
         <name>.debug_info</name>
         <load_address>0xd89f</load_address>
         <run_address>0xd89f</run_address>
         <size>0x16ac</size>
         <input_file_ref idref="fl-10"/>
      </object_component>
      <object_component id="oc-8f">
         <name>.debug_info</name>
         <load_address>0xef4b</load_address>
         <run_address>0xef4b</run_address>
         <size>0x244a</size>
         <input_file_ref idref="fl-11"/>
      </object_component>
      <object_component id="oc-95">
         <name>.debug_info</name>
         <load_address>0x11395</load_address>
         <run_address>0x11395</run_address>
         <size>0xde</size>
         <input_file_ref idref="fl-12"/>
      </object_component>
      <object_component id="oc-98">
         <name>.debug_info</name>
         <load_address>0x11473</load_address>
         <run_address>0x11473</run_address>
         <size>0x5c27</size>
         <input_file_ref idref="fl-13"/>
      </object_component>
      <object_component id="oc-9c">
         <name>.debug_info</name>
         <load_address>0x1709a</load_address>
         <run_address>0x1709a</run_address>
         <size>0x1b31</size>
         <input_file_ref idref="fl-14"/>
      </object_component>
      <object_component id="oc-a0">
         <name>.debug_info</name>
         <load_address>0x18bcb</load_address>
         <run_address>0x18bcb</run_address>
         <size>0x1fab</size>
         <input_file_ref idref="fl-15"/>
      </object_component>
      <object_component id="oc-a4">
         <name>.debug_info</name>
         <load_address>0x1ab76</load_address>
         <run_address>0x1ab76</run_address>
         <size>0x1b31</size>
         <input_file_ref idref="fl-16"/>
      </object_component>
      <object_component id="oc-a8">
         <name>.debug_info</name>
         <load_address>0x1c6a7</load_address>
         <run_address>0x1c6a7</run_address>
         <size>0x12eda</size>
         <input_file_ref idref="fl-17"/>
      </object_component>
      <object_component id="oc-dc">
         <name>.debug_info</name>
         <load_address>0x2f581</load_address>
         <run_address>0x2f581</run_address>
         <size>0x1b31</size>
         <input_file_ref idref="fl-18"/>
      </object_component>
      <object_component id="oc-e0">
         <name>.debug_info</name>
         <load_address>0x310b2</load_address>
         <run_address>0x310b2</run_address>
         <size>0x1b30</size>
         <input_file_ref idref="fl-19"/>
      </object_component>
      <object_component id="oc-e4">
         <name>.debug_info</name>
         <load_address>0x32be2</load_address>
         <run_address>0x32be2</run_address>
         <size>0x4844</size>
         <input_file_ref idref="fl-1a"/>
      </object_component>
      <object_component id="oc-e8">
         <name>.debug_info</name>
         <load_address>0x37426</load_address>
         <run_address>0x37426</run_address>
         <size>0x35c</size>
         <input_file_ref idref="fl-1b"/>
      </object_component>
      <object_component id="oc-ec">
         <name>.debug_info</name>
         <load_address>0x37782</load_address>
         <run_address>0x37782</run_address>
         <size>0xb25</size>
         <input_file_ref idref="fl-1c"/>
      </object_component>
      <object_component id="oc-f0">
         <name>.debug_info</name>
         <load_address>0x382a7</load_address>
         <run_address>0x382a7</run_address>
         <size>0x2289</size>
         <input_file_ref idref="fl-1d"/>
      </object_component>
      <object_component id="oc-f5">
         <name>.debug_info</name>
         <load_address>0x3a530</load_address>
         <run_address>0x3a530</run_address>
         <size>0x1d4f</size>
         <input_file_ref idref="fl-1e"/>
      </object_component>
      <object_component id="oc-f9">
         <name>.debug_info</name>
         <load_address>0x3c27f</load_address>
         <run_address>0x3c27f</run_address>
         <size>0x1b30</size>
         <input_file_ref idref="fl-1f"/>
      </object_component>
      <object_component id="oc-fd">
         <name>.debug_info</name>
         <load_address>0x3ddaf</load_address>
         <run_address>0x3ddaf</run_address>
         <size>0x1fae</size>
         <input_file_ref idref="fl-20"/>
      </object_component>
      <object_component id="oc-101">
         <name>.debug_info</name>
         <load_address>0x3fd5d</load_address>
         <run_address>0x3fd5d</run_address>
         <size>0x20b8</size>
         <input_file_ref idref="fl-21"/>
      </object_component>
      <object_component id="oc-106">
         <name>.debug_info</name>
         <load_address>0x41e15</load_address>
         <run_address>0x41e15</run_address>
         <size>0xda</size>
         <input_file_ref idref="fl-22"/>
      </object_component>
      <object_component id="oc-10b">
         <name>.debug_info</name>
         <load_address>0x41eef</load_address>
         <run_address>0x41eef</run_address>
         <size>0xc8</size>
         <input_file_ref idref="fl-24"/>
      </object_component>
      <object_component id="oc-10f">
         <name>.debug_info</name>
         <load_address>0x41fb7</load_address>
         <run_address>0x41fb7</run_address>
         <size>0xc8</size>
         <input_file_ref idref="fl-25"/>
      </object_component>
      <object_component id="oc-113">
         <name>.debug_info</name>
         <load_address>0x4207f</load_address>
         <run_address>0x4207f</run_address>
         <size>0xca</size>
         <input_file_ref idref="fl-26"/>
      </object_component>
      <object_component id="oc-117">
         <name>.debug_info</name>
         <load_address>0x42149</load_address>
         <run_address>0x42149</run_address>
         <size>0x142</size>
         <input_file_ref idref="fl-2a"/>
      </object_component>
      <object_component id="oc-11c">
         <name>.debug_info</name>
         <load_address>0x4228b</load_address>
         <run_address>0x4228b</run_address>
         <size>0xde</size>
         <input_file_ref idref="fl-37"/>
      </object_component>
      <object_component id="oc-11f">
         <name>.debug_info</name>
         <load_address>0x42369</load_address>
         <run_address>0x42369</run_address>
         <size>0x488</size>
         <input_file_ref idref="fl-38"/>
      </object_component>
      <object_component id="oc-125">
         <name>.debug_info</name>
         <load_address>0x427f1</load_address>
         <run_address>0x427f1</run_address>
         <size>0x4ae</size>
         <input_file_ref idref="fl-39"/>
      </object_component>
      <object_component id="oc-12b">
         <name>.debug_info</name>
         <load_address>0x42c9f</load_address>
         <run_address>0x42c9f</run_address>
         <size>0x46f</size>
         <input_file_ref idref="fl-3a"/>
      </object_component>
      <object_component id="oc-191">
         <name>.debug_info</name>
         <load_address>0x4310e</load_address>
         <run_address>0x4310e</run_address>
         <size>0x6f</size>
      </object_component>
      <object_component id="oc-4d">
         <name>.debug_frame</name>
         <load_address>0x0</load_address>
         <run_address>0x0</run_address>
         <size>0xc4</size>
         <input_file_ref idref="fl-2"/>
      </object_component>
      <object_component id="oc-53">
         <name>.debug_frame</name>
         <load_address>0xc4</load_address>
         <run_address>0xc4</run_address>
         <size>0x148</size>
         <input_file_ref idref="fl-3"/>
      </object_component>
      <object_component id="oc-5a">
         <name>.debug_frame</name>
         <load_address>0x20c</load_address>
         <run_address>0x20c</run_address>
         <size>0x120</size>
         <input_file_ref idref="fl-4"/>
      </object_component>
      <object_component id="oc-62">
         <name>.debug_frame</name>
         <load_address>0x32c</load_address>
         <run_address>0x32c</run_address>
         <size>0xf8</size>
         <input_file_ref idref="fl-6"/>
      </object_component>
      <object_component id="oc-68">
         <name>.debug_frame</name>
         <load_address>0x424</load_address>
         <run_address>0x424</run_address>
         <size>0x162</size>
         <input_file_ref idref="fl-7"/>
      </object_component>
      <object_component id="oc-6c">
         <name>.debug_frame</name>
         <load_address>0x586</load_address>
         <run_address>0x586</run_address>
         <size>0x8e</size>
         <input_file_ref idref="fl-8"/>
      </object_component>
      <object_component id="oc-70">
         <name>.debug_frame</name>
         <load_address>0x614</load_address>
         <run_address>0x614</run_address>
         <size>0xbe</size>
         <input_file_ref idref="fl-9"/>
      </object_component>
      <object_component id="oc-78">
         <name>.debug_frame</name>
         <load_address>0x6d2</load_address>
         <run_address>0x6d2</run_address>
         <size>0xa6</size>
         <input_file_ref idref="fl-b"/>
      </object_component>
      <object_component id="oc-84">
         <name>.debug_frame</name>
         <load_address>0x778</load_address>
         <run_address>0x778</run_address>
         <size>0x8e</size>
         <input_file_ref idref="fl-e"/>
      </object_component>
      <object_component id="oc-8c">
         <name>.debug_frame</name>
         <load_address>0x806</load_address>
         <run_address>0x806</run_address>
         <size>0x8e</size>
         <input_file_ref idref="fl-10"/>
      </object_component>
      <object_component id="oc-91">
         <name>.debug_frame</name>
         <load_address>0x894</load_address>
         <run_address>0x894</run_address>
         <size>0xce6</size>
         <input_file_ref idref="fl-11"/>
      </object_component>
      <object_component id="oc-99">
         <name>.debug_frame</name>
         <load_address>0x157a</load_address>
         <run_address>0x157a</run_address>
         <size>0x8e</size>
         <input_file_ref idref="fl-13"/>
      </object_component>
      <object_component id="oc-9d">
         <name>.debug_frame</name>
         <load_address>0x1608</load_address>
         <run_address>0x1608</run_address>
         <size>0x8e</size>
         <input_file_ref idref="fl-14"/>
      </object_component>
      <object_component id="oc-a1">
         <name>.debug_frame</name>
         <load_address>0x1696</load_address>
         <run_address>0x1696</run_address>
         <size>0x17e</size>
         <input_file_ref idref="fl-15"/>
      </object_component>
      <object_component id="oc-a5">
         <name>.debug_frame</name>
         <load_address>0x1814</load_address>
         <run_address>0x1814</run_address>
         <size>0x8e</size>
         <input_file_ref idref="fl-16"/>
      </object_component>
      <object_component id="oc-dd">
         <name>.debug_frame</name>
         <load_address>0x18a2</load_address>
         <run_address>0x18a2</run_address>
         <size>0x8e</size>
         <input_file_ref idref="fl-18"/>
      </object_component>
      <object_component id="oc-e1">
         <name>.debug_frame</name>
         <load_address>0x1930</load_address>
         <run_address>0x1930</run_address>
         <size>0x8e</size>
         <input_file_ref idref="fl-19"/>
      </object_component>
      <object_component id="oc-e5">
         <name>.debug_frame</name>
         <load_address>0x19be</load_address>
         <run_address>0x19be</run_address>
         <size>0x8e</size>
         <input_file_ref idref="fl-1a"/>
      </object_component>
      <object_component id="oc-e9">
         <name>.debug_frame</name>
         <load_address>0x1a4c</load_address>
         <run_address>0x1a4c</run_address>
         <size>0x8e</size>
         <input_file_ref idref="fl-1b"/>
      </object_component>
      <object_component id="oc-ed">
         <name>.debug_frame</name>
         <load_address>0x1ada</load_address>
         <run_address>0x1ada</run_address>
         <size>0xbe</size>
         <input_file_ref idref="fl-1c"/>
      </object_component>
      <object_component id="oc-f2">
         <name>.debug_frame</name>
         <load_address>0x1b98</load_address>
         <run_address>0x1b98</run_address>
         <size>0xac</size>
         <input_file_ref idref="fl-1d"/>
      </object_component>
      <object_component id="oc-f6">
         <name>.debug_frame</name>
         <load_address>0x1c44</load_address>
         <run_address>0x1c44</run_address>
         <size>0x106</size>
         <input_file_ref idref="fl-1e"/>
      </object_component>
      <object_component id="oc-fa">
         <name>.debug_frame</name>
         <load_address>0x1d4a</load_address>
         <run_address>0x1d4a</run_address>
         <size>0x8e</size>
         <input_file_ref idref="fl-1f"/>
      </object_component>
      <object_component id="oc-fe">
         <name>.debug_frame</name>
         <load_address>0x1dd8</load_address>
         <run_address>0x1dd8</run_address>
         <size>0x12c</size>
         <input_file_ref idref="fl-20"/>
      </object_component>
      <object_component id="oc-102">
         <name>.debug_frame</name>
         <load_address>0x1f04</load_address>
         <run_address>0x1f04</run_address>
         <size>0x8e</size>
         <input_file_ref idref="fl-21"/>
      </object_component>
      <object_component id="oc-122">
         <name>.debug_frame</name>
         <load_address>0x1f92</load_address>
         <run_address>0x1f92</run_address>
         <size>0xc7</size>
         <input_file_ref idref="fl-38"/>
      </object_component>
      <object_component id="oc-128">
         <name>.debug_frame</name>
         <load_address>0x2059</load_address>
         <run_address>0x2059</run_address>
         <size>0xd6</size>
         <input_file_ref idref="fl-39"/>
      </object_component>
      <object_component id="oc-12c">
         <name>.debug_frame</name>
         <load_address>0x212f</load_address>
         <run_address>0x212f</run_address>
         <size>0xa6</size>
         <input_file_ref idref="fl-3a"/>
      </object_component>
      <object_component id="oc-4e">
         <name>.debug_line</name>
         <load_address>0x0</load_address>
         <run_address>0x0</run_address>
         <size>0x6f</size>
         <input_file_ref idref="fl-2"/>
      </object_component>
      <object_component id="oc-54">
         <name>.debug_line</name>
         <load_address>0x6f</load_address>
         <run_address>0x6f</run_address>
         <size>0x15a</size>
         <input_file_ref idref="fl-3"/>
      </object_component>
      <object_component id="oc-5b">
         <name>.debug_line</name>
         <load_address>0x1c9</load_address>
         <run_address>0x1c9</run_address>
         <size>0xc5</size>
         <input_file_ref idref="fl-4"/>
      </object_component>
      <object_component id="oc-63">
         <name>.debug_line</name>
         <load_address>0x28e</load_address>
         <run_address>0x28e</run_address>
         <size>0x7b</size>
         <input_file_ref idref="fl-6"/>
      </object_component>
      <object_component id="oc-69">
         <name>.debug_line</name>
         <load_address>0x309</load_address>
         <run_address>0x309</run_address>
         <size>0x1d8</size>
         <input_file_ref idref="fl-7"/>
      </object_component>
      <object_component id="oc-6d">
         <name>.debug_line</name>
         <load_address>0x4e1</load_address>
         <run_address>0x4e1</run_address>
         <size>0x2c</size>
         <input_file_ref idref="fl-8"/>
      </object_component>
      <object_component id="oc-71">
         <name>.debug_line</name>
         <load_address>0x50d</load_address>
         <run_address>0x50d</run_address>
         <size>0x85</size>
         <input_file_ref idref="fl-9"/>
      </object_component>
      <object_component id="oc-75">
         <name>.debug_line</name>
         <load_address>0x592</load_address>
         <run_address>0x592</run_address>
         <size>0x4d</size>
         <input_file_ref idref="fl-a"/>
      </object_component>
      <object_component id="oc-79">
         <name>.debug_line</name>
         <load_address>0x5df</load_address>
         <run_address>0x5df</run_address>
         <size>0x55</size>
         <input_file_ref idref="fl-b"/>
      </object_component>
      <object_component id="oc-80">
         <name>.debug_line</name>
         <load_address>0x634</load_address>
         <run_address>0x634</run_address>
         <size>0x65</size>
         <input_file_ref idref="fl-d"/>
      </object_component>
      <object_component id="oc-85">
         <name>.debug_line</name>
         <load_address>0x699</load_address>
         <run_address>0x699</run_address>
         <size>0x3c</size>
         <input_file_ref idref="fl-e"/>
      </object_component>
      <object_component id="oc-89">
         <name>.debug_line</name>
         <load_address>0x6d5</load_address>
         <run_address>0x6d5</run_address>
         <size>0x4b</size>
         <input_file_ref idref="fl-f"/>
      </object_component>
      <object_component id="oc-8d">
         <name>.debug_line</name>
         <load_address>0x720</load_address>
         <run_address>0x720</run_address>
         <size>0x36</size>
         <input_file_ref idref="fl-10"/>
      </object_component>
      <object_component id="oc-92">
         <name>.debug_line</name>
         <load_address>0x756</load_address>
         <run_address>0x756</run_address>
         <size>0x752</size>
         <input_file_ref idref="fl-11"/>
      </object_component>
      <object_component id="oc-96">
         <name>.debug_line</name>
         <load_address>0xea8</load_address>
         <run_address>0xea8</run_address>
         <size>0x4f</size>
         <input_file_ref idref="fl-12"/>
      </object_component>
      <object_component id="oc-9a">
         <name>.debug_line</name>
         <load_address>0xef7</load_address>
         <run_address>0xef7</run_address>
         <size>0x37</size>
         <input_file_ref idref="fl-13"/>
      </object_component>
      <object_component id="oc-9e">
         <name>.debug_line</name>
         <load_address>0xf2e</load_address>
         <run_address>0xf2e</run_address>
         <size>0x37</size>
         <input_file_ref idref="fl-14"/>
      </object_component>
      <object_component id="oc-a2">
         <name>.debug_line</name>
         <load_address>0xf65</load_address>
         <run_address>0xf65</run_address>
         <size>0x16c</size>
         <input_file_ref idref="fl-15"/>
      </object_component>
      <object_component id="oc-a6">
         <name>.debug_line</name>
         <load_address>0x10d1</load_address>
         <run_address>0x10d1</run_address>
         <size>0x37</size>
         <input_file_ref idref="fl-16"/>
      </object_component>
      <object_component id="oc-de">
         <name>.debug_line</name>
         <load_address>0x1108</load_address>
         <run_address>0x1108</run_address>
         <size>0x37</size>
         <input_file_ref idref="fl-18"/>
      </object_component>
      <object_component id="oc-e2">
         <name>.debug_line</name>
         <load_address>0x113f</load_address>
         <run_address>0x113f</run_address>
         <size>0x36</size>
         <input_file_ref idref="fl-19"/>
      </object_component>
      <object_component id="oc-e6">
         <name>.debug_line</name>
         <load_address>0x1175</load_address>
         <run_address>0x1175</run_address>
         <size>0x38</size>
         <input_file_ref idref="fl-1a"/>
      </object_component>
      <object_component id="oc-ea">
         <name>.debug_line</name>
         <load_address>0x11ad</load_address>
         <run_address>0x11ad</run_address>
         <size>0x3a</size>
         <input_file_ref idref="fl-1b"/>
      </object_component>
      <object_component id="oc-ee">
         <name>.debug_line</name>
         <load_address>0x11e7</load_address>
         <run_address>0x11e7</run_address>
         <size>0x8a</size>
         <input_file_ref idref="fl-1c"/>
      </object_component>
      <object_component id="oc-f3">
         <name>.debug_line</name>
         <load_address>0x1271</load_address>
         <run_address>0x1271</run_address>
         <size>0x6c</size>
         <input_file_ref idref="fl-1d"/>
      </object_component>
      <object_component id="oc-f7">
         <name>.debug_line</name>
         <load_address>0x12dd</load_address>
         <run_address>0x12dd</run_address>
         <size>0xcd</size>
         <input_file_ref idref="fl-1e"/>
      </object_component>
      <object_component id="oc-fb">
         <name>.debug_line</name>
         <load_address>0x13aa</load_address>
         <run_address>0x13aa</run_address>
         <size>0x36</size>
         <input_file_ref idref="fl-1f"/>
      </object_component>
      <object_component id="oc-ff">
         <name>.debug_line</name>
         <load_address>0x13e0</load_address>
         <run_address>0x13e0</run_address>
         <size>0x149</size>
         <input_file_ref idref="fl-20"/>
      </object_component>
      <object_component id="oc-103">
         <name>.debug_line</name>
         <load_address>0x1529</load_address>
         <run_address>0x1529</run_address>
         <size>0x38</size>
         <input_file_ref idref="fl-21"/>
      </object_component>
      <object_component id="oc-107">
         <name>.debug_line</name>
         <load_address>0x1561</load_address>
         <run_address>0x1561</run_address>
         <size>0x4c</size>
         <input_file_ref idref="fl-22"/>
      </object_component>
      <object_component id="oc-10c">
         <name>.debug_line</name>
         <load_address>0x15ad</load_address>
         <run_address>0x15ad</run_address>
         <size>0x5e</size>
         <input_file_ref idref="fl-24"/>
      </object_component>
      <object_component id="oc-110">
         <name>.debug_line</name>
         <load_address>0x160b</load_address>
         <run_address>0x160b</run_address>
         <size>0x5e</size>
         <input_file_ref idref="fl-25"/>
      </object_component>
      <object_component id="oc-114">
         <name>.debug_line</name>
         <load_address>0x1669</load_address>
         <run_address>0x1669</run_address>
         <size>0x56</size>
         <input_file_ref idref="fl-26"/>
      </object_component>
      <object_component id="oc-118">
         <name>.debug_line</name>
         <load_address>0x16bf</load_address>
         <run_address>0x16bf</run_address>
         <size>0x7a</size>
         <input_file_ref idref="fl-2a"/>
      </object_component>
      <object_component id="oc-11d">
         <name>.debug_line</name>
         <load_address>0x1739</load_address>
         <run_address>0x1739</run_address>
         <size>0x71</size>
         <input_file_ref idref="fl-37"/>
      </object_component>
      <object_component id="oc-123">
         <name>.debug_line</name>
         <load_address>0x17aa</load_address>
         <run_address>0x17aa</run_address>
         <size>0x62</size>
         <input_file_ref idref="fl-38"/>
      </object_component>
      <object_component id="oc-129">
         <name>.debug_line</name>
         <load_address>0x180c</load_address>
         <run_address>0x180c</run_address>
         <size>0x5b</size>
         <input_file_ref idref="fl-39"/>
      </object_component>
      <object_component id="oc-12d">
         <name>.debug_line</name>
         <load_address>0x1867</load_address>
         <run_address>0x1867</run_address>
         <size>0x50</size>
         <input_file_ref idref="fl-3a"/>
      </object_component>
      <object_component id="oc-4f">
         <name>.debug_abbrev</name>
         <load_address>0x0</load_address>
         <run_address>0x0</run_address>
         <size>0x10e</size>
         <input_file_ref idref="fl-2"/>
      </object_component>
      <object_component id="oc-55">
         <name>.debug_abbrev</name>
         <load_address>0x10e</load_address>
         <run_address>0x10e</run_address>
         <size>0xd1</size>
         <input_file_ref idref="fl-3"/>
      </object_component>
      <object_component id="oc-5c">
         <name>.debug_abbrev</name>
         <load_address>0x1df</load_address>
         <run_address>0x1df</run_address>
         <size>0x15f</size>
         <input_file_ref idref="fl-4"/>
      </object_component>
      <object_component id="oc-5f">
         <name>.debug_abbrev</name>
         <load_address>0x33e</load_address>
         <run_address>0x33e</run_address>
         <size>0x54</size>
         <input_file_ref idref="fl-5"/>
      </object_component>
      <object_component id="oc-64">
         <name>.debug_abbrev</name>
         <load_address>0x392</load_address>
         <run_address>0x392</run_address>
         <size>0x142</size>
         <input_file_ref idref="fl-6"/>
      </object_component>
      <object_component id="oc-6a">
         <name>.debug_abbrev</name>
         <load_address>0x4d4</load_address>
         <run_address>0x4d4</run_address>
         <size>0xfd</size>
         <input_file_ref idref="fl-7"/>
      </object_component>
      <object_component id="oc-6e">
         <name>.debug_abbrev</name>
         <load_address>0x5d1</load_address>
         <run_address>0x5d1</run_address>
         <size>0xd7</size>
         <input_file_ref idref="fl-8"/>
      </object_component>
      <object_component id="oc-72">
         <name>.debug_abbrev</name>
         <load_address>0x6a8</load_address>
         <run_address>0x6a8</run_address>
         <size>0xbb</size>
         <input_file_ref idref="fl-9"/>
      </object_component>
      <object_component id="oc-76">
         <name>.debug_abbrev</name>
         <load_address>0x763</load_address>
         <run_address>0x763</run_address>
         <size>0x2c</size>
         <input_file_ref idref="fl-a"/>
      </object_component>
      <object_component id="oc-7a">
         <name>.debug_abbrev</name>
         <load_address>0x78f</load_address>
         <run_address>0x78f</run_address>
         <size>0xfe</size>
         <input_file_ref idref="fl-b"/>
      </object_component>
      <object_component id="oc-81">
         <name>.debug_abbrev</name>
         <load_address>0x88d</load_address>
         <run_address>0x88d</run_address>
         <size>0x20</size>
         <input_file_ref idref="fl-d"/>
      </object_component>
      <object_component id="oc-86">
         <name>.debug_abbrev</name>
         <load_address>0x8ad</load_address>
         <run_address>0x8ad</run_address>
         <size>0xf0</size>
         <input_file_ref idref="fl-e"/>
      </object_component>
      <object_component id="oc-8a">
         <name>.debug_abbrev</name>
         <load_address>0x99d</load_address>
         <run_address>0x99d</run_address>
         <size>0x2c</size>
         <input_file_ref idref="fl-f"/>
      </object_component>
      <object_component id="oc-8e">
         <name>.debug_abbrev</name>
         <load_address>0x9c9</load_address>
         <run_address>0x9c9</run_address>
         <size>0x13c</size>
         <input_file_ref idref="fl-10"/>
      </object_component>
      <object_component id="oc-93">
         <name>.debug_abbrev</name>
         <load_address>0xb05</load_address>
         <run_address>0xb05</run_address>
         <size>0xa1</size>
         <input_file_ref idref="fl-11"/>
      </object_component>
      <object_component id="oc-97">
         <name>.debug_abbrev</name>
         <load_address>0xba6</load_address>
         <run_address>0xba6</run_address>
         <size>0x2c</size>
         <input_file_ref idref="fl-12"/>
      </object_component>
      <object_component id="oc-9b">
         <name>.debug_abbrev</name>
         <load_address>0xbd2</load_address>
         <run_address>0xbd2</run_address>
         <size>0x13c</size>
         <input_file_ref idref="fl-13"/>
      </object_component>
      <object_component id="oc-9f">
         <name>.debug_abbrev</name>
         <load_address>0xd0e</load_address>
         <run_address>0xd0e</run_address>
         <size>0xdb</size>
         <input_file_ref idref="fl-14"/>
      </object_component>
      <object_component id="oc-a3">
         <name>.debug_abbrev</name>
         <load_address>0xde9</load_address>
         <run_address>0xde9</run_address>
         <size>0x100</size>
         <input_file_ref idref="fl-15"/>
      </object_component>
      <object_component id="oc-a7">
         <name>.debug_abbrev</name>
         <load_address>0xee9</load_address>
         <run_address>0xee9</run_address>
         <size>0xdb</size>
         <input_file_ref idref="fl-16"/>
      </object_component>
      <object_component id="oc-db">
         <name>.debug_abbrev</name>
         <load_address>0xfc4</load_address>
         <run_address>0xfc4</run_address>
         <size>0xb3</size>
         <input_file_ref idref="fl-17"/>
      </object_component>
      <object_component id="oc-df">
         <name>.debug_abbrev</name>
         <load_address>0x1077</load_address>
         <run_address>0x1077</run_address>
         <size>0xcd</size>
         <input_file_ref idref="fl-18"/>
      </object_component>
      <object_component id="oc-e3">
         <name>.debug_abbrev</name>
         <load_address>0x1144</load_address>
         <run_address>0x1144</run_address>
         <size>0xcd</size>
         <input_file_ref idref="fl-19"/>
      </object_component>
      <object_component id="oc-e7">
         <name>.debug_abbrev</name>
         <load_address>0x1211</load_address>
         <run_address>0x1211</run_address>
         <size>0x133</size>
         <input_file_ref idref="fl-1a"/>
      </object_component>
      <object_component id="oc-eb">
         <name>.debug_abbrev</name>
         <load_address>0x1344</load_address>
         <run_address>0x1344</run_address>
         <size>0x8a</size>
         <input_file_ref idref="fl-1b"/>
      </object_component>
      <object_component id="oc-ef">
         <name>.debug_abbrev</name>
         <load_address>0x13ce</load_address>
         <run_address>0x13ce</run_address>
         <size>0xbb</size>
         <input_file_ref idref="fl-1c"/>
      </object_component>
      <object_component id="oc-f4">
         <name>.debug_abbrev</name>
         <load_address>0x1489</load_address>
         <run_address>0x1489</run_address>
         <size>0x107</size>
         <input_file_ref idref="fl-1d"/>
      </object_component>
      <object_component id="oc-f8">
         <name>.debug_abbrev</name>
         <load_address>0x1590</load_address>
         <run_address>0x1590</run_address>
         <size>0xdb</size>
         <input_file_ref idref="fl-1e"/>
      </object_component>
      <object_component id="oc-fc">
         <name>.debug_abbrev</name>
         <load_address>0x166b</load_address>
         <run_address>0x166b</run_address>
         <size>0xdb</size>
         <input_file_ref idref="fl-1f"/>
      </object_component>
      <object_component id="oc-100">
         <name>.debug_abbrev</name>
         <load_address>0x1746</load_address>
         <run_address>0x1746</run_address>
         <size>0x166</size>
         <input_file_ref idref="fl-20"/>
      </object_component>
      <object_component id="oc-104">
         <name>.debug_abbrev</name>
         <load_address>0x18ac</load_address>
         <run_address>0x18ac</run_address>
         <size>0xdb</size>
         <input_file_ref idref="fl-21"/>
      </object_component>
      <object_component id="oc-108">
         <name>.debug_abbrev</name>
         <load_address>0x1987</load_address>
         <run_address>0x1987</run_address>
         <size>0x2c</size>
         <input_file_ref idref="fl-22"/>
      </object_component>
      <object_component id="oc-10d">
         <name>.debug_abbrev</name>
         <load_address>0x19b3</load_address>
         <run_address>0x19b3</run_address>
         <size>0x2c</size>
         <input_file_ref idref="fl-24"/>
      </object_component>
      <object_component id="oc-111">
         <name>.debug_abbrev</name>
         <load_address>0x19df</load_address>
         <run_address>0x19df</run_address>
         <size>0x2c</size>
         <input_file_ref idref="fl-25"/>
      </object_component>
      <object_component id="oc-115">
         <name>.debug_abbrev</name>
         <load_address>0x1a0b</load_address>
         <run_address>0x1a0b</run_address>
         <size>0x2c</size>
         <input_file_ref idref="fl-26"/>
      </object_component>
      <object_component id="oc-119">
         <name>.debug_abbrev</name>
         <load_address>0x1a37</load_address>
         <run_address>0x1a37</run_address>
         <size>0x2c</size>
         <input_file_ref idref="fl-2a"/>
      </object_component>
      <object_component id="oc-11e">
         <name>.debug_abbrev</name>
         <load_address>0x1a63</load_address>
         <run_address>0x1a63</run_address>
         <size>0x43</size>
         <input_file_ref idref="fl-37"/>
      </object_component>
      <object_component id="oc-124">
         <name>.debug_abbrev</name>
         <load_address>0x1aa6</load_address>
         <run_address>0x1aa6</run_address>
         <size>0x10c</size>
         <input_file_ref idref="fl-38"/>
      </object_component>
      <object_component id="oc-12a">
         <name>.debug_abbrev</name>
         <load_address>0x1bb2</load_address>
         <run_address>0x1bb2</run_address>
         <size>0xa9</size>
         <input_file_ref idref="fl-39"/>
      </object_component>
      <object_component id="oc-12e">
         <name>.debug_abbrev</name>
         <load_address>0x1c5b</load_address>
         <run_address>0x1c5b</run_address>
         <size>0xed</size>
         <input_file_ref idref="fl-3a"/>
      </object_component>
      <object_component id="oc-192">
         <name>.debug_abbrev</name>
         <load_address>0x1d48</load_address>
         <run_address>0x1d48</run_address>
         <size>0xd</size>
      </object_component>
   </object_component_list>
   <logical_group_list>
      <logical_group id="lg-2" display="no" color="cyan">
         <name>codestart</name>
         <load_address>0x0</load_address>
         <run_address>0x0</run_address>
         <size>0x2</size>
         <contents>
            <object_component_ref idref="oc-7e"/>
         </contents>
      </logical_group>
      <logical_group id="lg-3" display="no" color="cyan">
         <name>ramfuncs</name>
         <load_address>0x808c</load_address>
         <run_address>0x808c</run_address>
         <size>0x4</size>
         <contents>
            <object_component_ref idref="oc-105"/>
         </contents>
      </logical_group>
      <logical_group id="lg-4" display="no" color="cyan">
         <name>.text</name>
         <load_address>0x8500</load_address>
         <run_address>0x8500</run_address>
         <size>0xf16</size>
         <contents>
            <object_component_ref idref="oc-131"/>
            <object_component_ref idref="oc-90"/>
            <object_component_ref idref="oc-132"/>
            <object_component_ref idref="oc-137"/>
            <object_component_ref idref="oc-13b"/>
            <object_component_ref idref="oc-59"/>
            <object_component_ref idref="oc-13a"/>
            <object_component_ref idref="oc-134"/>
            <object_component_ref idref="oc-13d"/>
            <object_component_ref idref="oc-4b"/>
            <object_component_ref idref="oc-10a"/>
            <object_component_ref idref="oc-10e"/>
            <object_component_ref idref="oc-135"/>
            <object_component_ref idref="oc-136"/>
            <object_component_ref idref="oc-138"/>
            <object_component_ref idref="oc-112"/>
            <object_component_ref idref="oc-139"/>
            <object_component_ref idref="oc-12f"/>
            <object_component_ref idref="oc-130"/>
            <object_component_ref idref="oc-116"/>
            <object_component_ref idref="oc-13c"/>
            <object_component_ref idref="oc-61"/>
            <object_component_ref idref="oc-133"/>
            <object_component_ref idref="oc-7d"/>
            <object_component_ref idref="oc-94"/>
            <object_component_ref idref="oc-87"/>
         </contents>
      </logical_group>
      <logical_group id="lg-5" display="no" color="cyan">
         <name>.cinit</name>
         <load_address>0x8000</load_address>
         <run_address>0x8000</run_address>
         <size>0x8c</size>
         <contents>
            <object_component_ref idref="oc-66"/>
            <object_component_ref idref="oc-126"/>
            <object_component_ref idref="oc-120"/>
            <object_component_ref idref="oc-51"/>
            <object_component_ref idref="oc-57"/>
         </contents>
      </logical_group>
      <logical_group id="lg-6" display="no" color="cyan">
         <name>.pinit</name>
         <run_address>0x0</run_address>
         <size>0x0</size>
         <contents>
         </contents>
      </logical_group>
      <logical_group id="lg-7" display="no" color="cyan">
         <name>.switch</name>
         <run_address>0x0</run_address>
         <size>0x0</size>
         <contents>
         </contents>
      </logical_group>
      <logical_group id="lg-8" display="no" color="cyan">
         <name>.stack</name>
         <run_address>0x400</run_address>
         <size>0x300</size>
         <contents>
            <object_component_ref idref="oc-11a"/>
            <object_component_ref idref="oc-190"/>
         </contents>
      </logical_group>
      <logical_group id="lg-9" display="no" color="cyan">
         <name>.ebss</name>
         <run_address>0xc000</run_address>
         <size>0xa4</size>
         <contents>
            <object_component_ref idref="oc-52"/>
            <object_component_ref idref="oc-58"/>
            <object_component_ref idref="oc-5e"/>
            <object_component_ref idref="oc-67"/>
            <object_component_ref idref="oc-83"/>
            <object_component_ref idref="oc-121"/>
            <object_component_ref idref="oc-127"/>
         </contents>
      </logical_group>
      <logical_group id="lg-a" display="no" color="cyan">
         <name>.econst</name>
         <load_address>0xd000</load_address>
         <run_address>0xd000</run_address>
         <size>0x100</size>
         <contents>
            <object_component_ref idref="oc-f1"/>
         </contents>
      </logical_group>
      <logical_group id="lg-b" display="no" color="cyan">
         <name>.esysmem</name>
         <run_address>0x0</run_address>
         <size>0x0</size>
         <contents>
         </contents>
      </logical_group>
      <logical_group id="lg-c" display="no" color="cyan">
         <name>IQmath</name>
         <run_address>0x0</run_address>
         <size>0x0</size>
         <contents>
         </contents>
      </logical_group>
      <logical_group id="lg-d" display="no" color="cyan">
         <name>IQmathTables</name>
         <run_address>0x0</run_address>
         <size>0x0</size>
         <contents>
         </contents>
      </logical_group>
      <logical_group id="lg-e" display="no" color="cyan">
         <name>IQmathTablesRam</name>
         <run_address>0x0</run_address>
         <size>0x0</size>
         <contents>
         </contents>
      </logical_group>
      <logical_group id="lg-f" display="no" color="cyan">
         <name>FPUmathTables</name>
         <load_address>0x3febdc</load_address>
         <run_address>0x3febdc</run_address>
         <size>0x6a0</size>
         <contents>
            <object_component_ref idref="oc-109"/>
         </contents>
      </logical_group>
      <logical_group id="lg-10" display="no" color="cyan">
         <name>DMARAML4</name>
         <run_address>0x0</run_address>
         <size>0x0</size>
         <contents>
         </contents>
      </logical_group>
      <logical_group id="lg-11" display="no" color="cyan">
         <name>DMARAML5</name>
         <run_address>0x0</run_address>
         <size>0x0</size>
         <contents>
         </contents>
      </logical_group>
      <logical_group id="lg-12" display="no" color="cyan">
         <name>DMARAML6</name>
         <run_address>0x0</run_address>
         <size>0x0</size>
         <contents>
         </contents>
      </logical_group>
      <logical_group id="lg-13" display="no" color="cyan">
         <name>DMARAML7</name>
         <run_address>0x0</run_address>
         <size>0x0</size>
         <contents>
         </contents>
      </logical_group>
      <logical_group id="lg-14" display="no" color="cyan">
         <name>ZONE7DATA</name>
         <run_address>0x0</run_address>
         <size>0x0</size>
         <contents>
         </contents>
      </logical_group>
      <logical_group id="lg-15" display="no" color="cyan">
         <name>.reset</name>
         <load_address>0x3fffc0</load_address>
         <run_address>0x3fffc0</run_address>
         <size>0x2</size>
         <contents>
            <object_component_ref idref="oc-11b"/>
         </contents>
      </logical_group>
      <logical_group id="lg-16" display="no" color="cyan">
         <name>csm_rsvd</name>
         <load_address>0x33ff80</load_address>
         <run_address>0x33ff80</run_address>
         <size>0x76</size>
         <contents>
            <object_component_ref idref="oc-7c"/>
         </contents>
      </logical_group>
      <logical_group id="lg-17" display="no" color="cyan">
         <name>csmpasswds</name>
         <load_address>0x33fff8</load_address>
         <run_address>0x33fff8</run_address>
         <size>0x8</size>
         <contents>
            <object_component_ref idref="oc-7b"/>
         </contents>
      </logical_group>
      <logical_group id="lg-18" display="no" color="cyan">
         <name>.adc_cal</name>
         <load_address>0x380080</load_address>
         <run_address>0x380080</run_address>
         <size>0x7</size>
         <contents>
            <object_component_ref idref="oc-73"/>
         </contents>
      </logical_group>
      <logical_group id="lg-19" display="no" color="cyan">
         <name>PieVectTableFile</name>
         <run_address>0xd00</run_address>
         <size>0x100</size>
         <contents>
            <object_component_ref idref="oc-da"/>
         </contents>
      </logical_group>
      <logical_group id="lg-1a" display="no" color="cyan">
         <name>DevEmuRegsFile</name>
         <run_address>0x880</run_address>
         <size>0xd0</size>
         <contents>
            <object_component_ref idref="oc-d6"/>
         </contents>
      </logical_group>
      <logical_group id="lg-1b" display="no" color="cyan">
         <name>FlashRegsFile</name>
         <run_address>0xa80</run_address>
         <size>0x8</size>
         <contents>
            <object_component_ref idref="oc-ac"/>
         </contents>
      </logical_group>
      <logical_group id="lg-1c" display="no" color="cyan">
         <name>CsmRegsFile</name>
         <run_address>0xae0</run_address>
         <size>0x10</size>
         <contents>
            <object_component_ref idref="oc-b4"/>
         </contents>
      </logical_group>
      <logical_group id="lg-1d" display="no" color="cyan">
         <name>AdcMirrorFile</name>
         <run_address>0xb00</run_address>
         <size>0x10</size>
         <contents>
            <object_component_ref idref="oc-b5"/>
         </contents>
      </logical_group>
      <logical_group id="lg-1e" display="no" color="cyan">
[...]
      <symbol id="sm-24b">
         <name>_I2CINT1A_ISR</name>
         <value>0x8b18</value>
         <object_component_ref idref="oc-90"/>
      </symbol>
      <symbol id="sm-24c">
         <name>_XINT2_ISR</name>
         <value>0x89b0</value>
         <object_component_ref idref="oc-90"/>
      </symbol>
      <symbol id="sm-24d">
         <name>_I2CINT2A_ISR</name>
         <value>0x8b22</value>
         <object_component_ref idref="oc-90"/>
      </symbol>
      <symbol id="sm-24e">
         <name>_SCITXINTC_ISR</name>
         <value>0x8b36</value>
         <object_component_ref idref="oc-90"/>
      </symbol>
      <symbol id="sm-24f">
         <name>_SCIRXINTC_ISR</name>
         <value>0x8b2c</value>
         <object_component_ref idref="oc-90"/>
      </symbol>
      <symbol id="sm-250">
         <name>_RTOSINT_ISR</name>
         <value>0x88f2</value>
         <object_component_ref idref="oc-90"/>
      </symbol>
      <symbol id="sm-251">
         <name>_EPWM3_INT_ISR</name>
         <value>0x8a28</value>
         <object_component_ref idref="oc-90"/>
      </symbol>
      <symbol id="sm-252">
         <name>_ECAN1INTB_ISR</name>
         <value>0x8b86</value>
         <object_component_ref idref="oc-90"/>
      </symbol>
      <symbol id="sm-253">
         <name>_USER9_ISR</name>
         <value>0x896a</value>
         <object_component_ref idref="oc-90"/>
      </symbol>
      <symbol id="sm-254">
         <name>_USER3_ISR</name>
         <value>0x892e</value>
         <object_component_ref idref="oc-90"/>
      </symbol>
      <symbol id="sm-255">
         <name>_EQEP1_INT_ISR</name>
         <value>0x8a8c</value>
         <object_component_ref idref="oc-90"/>
      </symbol>
      <symbol id="sm-256">
         <name>_MRINTB_ISR</name>
         <value>0x8ab4</value>
         <object_component_ref idref="oc-90"/>
      </symbol>
      <symbol id="sm-257">
         <name>_DINTCH1_ISR</name>
         <value>0x8adc</value>
         <object_component_ref idref="oc-90"/>
      </symbol>
      <symbol id="sm-258">
         <name>_USER8_ISR</name>
         <value>0x8960</value>
         <object_component_ref idref="oc-90"/>
      </symbol>
      <symbol id="sm-259">
         <name>_EPWM1_INT_ISR</name>
         <value>0x8a14</value>
         <object_component_ref idref="oc-90"/>
      </symbol>
      <symbol id="sm-25a">
         <name>_SEQ2INT_ISR</name>
         <value>0x899c</value>
         <object_component_ref idref="oc-90"/>
      </symbol>
      <symbol id="sm-25b">
         <name>_USER2_ISR</name>
         <value>0x8924</value>
         <object_component_ref idref="oc-90"/>
      </symbol>
      <symbol id="sm-25c">
         <name>_LUF_ISR</name>
         <value>0x8bcc</value>
         <object_component_ref idref="oc-90"/>
      </symbol>
      <symbol id="sm-25d">
         <name>_LVF_ISR</name>
         <value>0x8bc2</value>
         <object_component_ref idref="oc-90"/>
      </symbol>
      <symbol id="sm-25e">
         <name>_SCITXINTA_ISR</name>
         <value>0x8b4a</value>
         <object_component_ref idref="oc-90"/>
      </symbol>
      <symbol id="sm-25f">
         <name>_SCIRXINTA_ISR</name>
         <value>0x8b40</value>
         <object_component_ref idref="oc-90"/>
      </symbol>
      <symbol id="sm-260">
         <name>_rsvd_ISR</name>
         <value>0x8be0</value>
         <object_component_ref idref="oc-90"/>
      </symbol>
      <symbol id="sm-261">
         <name>_ECAP5_INT_ISR</name>
         <value>0x8a78</value>
         <object_component_ref idref="oc-90"/>
      </symbol>
      <symbol id="sm-262">
         <name>_DINTCH2_ISR</name>
         <value>0x8ae6</value>
         <object_component_ref idref="oc-90"/>
      </symbol>
      <symbol id="sm-263">
         <name>_XINT5_ISR</name>
         <value>0x8ba4</value>
         <object_component_ref idref="oc-90"/>
      </symbol>
      <symbol id="sm-26b">
         <name>_DSP28x_DisableInt</name>
         <value>0x940c</value>
         <object_component_ref idref="oc-94"/>
      </symbol>
      <symbol id="sm-26c">
         <name>_DSP28x_RestoreInt</name>
         <value>0x9410</value>
         <object_component_ref idref="oc-94"/>
      </symbol>
      <symbol id="sm-284">
         <name>_InitEPwm3Gpio</name>
         <value>0x8fb0</value>
         <object_component_ref idref="oc-13b"/>
      </symbol>
      <symbol id="sm-285">
         <name>_InitTzGpio</name>
         <value>0x9010</value>
         <object_component_ref idref="oc-13b"/>
      </symbol>
      <symbol id="sm-286">
         <name>_InitEPwm2Gpio</name>
         <value>0x8f9e</value>
         <object_component_ref idref="oc-13b"/>
      </symbol>
      <symbol id="sm-287">
         <name>_InitEPwm1Gpio</name>
         <value>0x8f8c</value>
         <object_component_ref idref="oc-13b"/>
      </symbol>
      <symbol id="sm-288">
         <name>_InitEPwm6Gpio</name>
         <value>0x8fea</value>
         <object_component_ref idref="oc-13b"/>
      </symbol>
      <symbol id="sm-289">
         <name>_InitEPwmGpio</name>
         <value>0x8f7f</value>
         <object_component_ref idref="oc-13b"/>
      </symbol>
      <symbol id="sm-28a">
         <name>_InitEPwm5Gpio</name>
         <value>0x8fd8</value>
         <object_component_ref idref="oc-13b"/>
      </symbol>
      <symbol id="sm-28b">
         <name>_InitEPwm4Gpio</name>
         <value>0x8fc4</value>
         <object_component_ref idref="oc-13b"/>
      </symbol>
      <symbol id="sm-28c">
         <name>_InitEPwmSyncGpio</name>
         <value>0x8ffc</value>
         <object_component_ref idref="oc-13b"/>
      </symbol>
      <symbol id="sm-28d">
         <name>_InitEPwm</name>
         <value>0x8f7e</value>
         <object_component_ref idref="oc-13b"/>
      </symbol>
      <symbol id="sm-2fe">
         <name>_GpioCtrlRegs</name>
         <value>0x6f80</value>
         <object_component_ref idref="oc-cb"/>
      </symbol>
      <symbol id="sm-2ff">
         <name>_PieVectTable</name>
         <value>0xd00</value>
         <object_component_ref idref="oc-da"/>
      </symbol>
      <symbol id="sm-300">
         <name>_ECap4Regs</name>
         <value>0x6a60</value>
         <object_component_ref idref="oc-bb"/>
      </symbol>
      <symbol id="sm-301">
         <name>_CsmRegs</name>
         <value>0xae0</value>
         <object_component_ref idref="oc-b4"/>
      </symbol>
      <symbol id="sm-302">
         <name>_ECanaLAMRegs</name>
         <value>0x6040</value>
         <object_component_ref idref="oc-d0"/>
      </symbol>
      <symbol id="sm-303">
         <name>_ECanbMOTORegs</name>
         <value>0x62c0</value>
         <object_component_ref idref="oc-d2"/>
      </symbol>
      <symbol id="sm-304">
         <name>_EPwm4Regs</name>
         <value>0x68c0</value>
         <object_component_ref idref="oc-c8"/>
      </symbol>
      <symbol id="sm-305">
         <name>_ECap5Regs</name>
         <value>0x6a80</value>
         <object_component_ref idref="oc-c0"/>
      </symbol>
      <symbol id="sm-306">
         <name>_CpuTimer1Regs</name>
         <value>0xc08</value>
         <object_component_ref idref="oc-ae"/>
      </symbol>
      <symbol id="sm-307">
         <name>_SysCtrlRegs</name>
         <value>0x7010</value>
         <object_component_ref idref="oc-bf"/>
      </symbol>
      <symbol id="sm-308">
         <name>_EPwm5Regs</name>
         <value>0x6900</value>
         <object_component_ref idref="oc-c5"/>
      </symbol>
      <symbol id="sm-309">
         <name>_SpiaRegs</name>
         <value>0x7040</value>
         <object_component_ref idref="oc-b0"/>
      </symbol>
      <symbol id="sm-30a">
         <name>_ECanaMOTSRegs</name>
         <value>0x6080</value>
         <object_component_ref idref="oc-d1"/>
      </symbol>
      <symbol id="sm-30b">
         <name>_ECap6Regs</name>
         <value>0x6aa0</value>
         <object_component_ref idref="oc-c1"/>
      </symbol>
      <symbol id="sm-30c">
         <name>_DmaRegs</name>
         <value>0x1000</value>
         <object_component_ref idref="oc-d7"/>
      </symbol>
      <symbol id="sm-30d">
         <name>_FlashRegs</name>
         <value>0xa80</value>
         <object_component_ref idref="oc-ac"/>
      </symbol>
      <symbol id="sm-30e">
         <name>_CpuTimer0Regs</name>
         <value>0xc00</value>
         <object_component_ref idref="oc-ad"/>
      </symbol>
      <symbol id="sm-30f">
         <name>_DevEmuRegs</name>
         <value>0x880</value>
         <object_component_ref idref="oc-d6"/>
      </symbol>
      <symbol id="sm-310">
         <name>_McbspbRegs</name>
         <value>0x5040</value>
         <object_component_ref idref="oc-c9"/>
      </symbol>
      <symbol id="sm-311">
         <name>_EPwm6Regs</name>
         <value>0x6940</value>
         <object_component_ref idref="oc-c6"/>
      </symbol>
      <symbol id="sm-312">
         <name>_SciaRegs</name>
         <value>0x7050</value>
         <object_component_ref idref="oc-b3"/>
      </symbol>
      <symbol id="sm-313">
         <name>_GpioDataRegs</name>
         <value>0x6fc0</value>
         <object_component_ref idref="oc-be"/>
      </symbol>
      <symbol id="sm-314">
         <name>_CsmPwl</name>
         <value>0x33fff8</value>
         <object_component_ref idref="oc-ab"/>
      </symbol>
      <symbol id="sm-315">
         <name>_AdcRegs</name>
         <value>0x7100</value>
         <object_component_ref idref="oc-b8"/>
      </symbol>
      <symbol id="sm-316">
         <name>_XIntruptRegs</name>
         <value>0x7070</value>
         <object_component_ref idref="oc-b6"/>
      </symbol>
      <symbol id="sm-317">
         <name>_CpuTimer2Regs</name>
         <value>0xc10</value>
         <object_component_ref idref="oc-aa"/>
      </symbol>
      <symbol id="sm-318">
         <name>_PieCtrlRegs</name>
         <value>0xce0</value>
         <object_component_ref idref="oc-b7"/>
      </symbol>
      <symbol id="sm-319">
         <name>_ECanbMOTSRegs</name>
         <value>0x6280</value>
         <object_component_ref idref="oc-cf"/>
      </symbol>
      <symbol id="sm-31a">
         <name>_ECanaRegs</name>
         <value>0x6000</value>
         <object_component_ref idref="oc-cc"/>
      </symbol>
      <symbol id="sm-31b">
         <name>_AdcMirror</name>
         <value>0xb00</value>
         <object_component_ref idref="oc-b5"/>
      </symbol>
      <symbol id="sm-31c">
         <name>_ECanbMboxes</name>
         <value>0x6300</value>
         <object_component_ref idref="oc-d8"/>
      </symbol>
      <symbol id="sm-31d">
         <name>_XintfRegs</name>
         <value>0xb20</value>
         <object_component_ref idref="oc-b9"/>
      </symbol>
      <symbol id="sm-31e">
         <name>_ScicRegs</name>
         <value>0x7770</value>
         <object_component_ref idref="oc-b2"/>
      </symbol>
      <symbol id="sm-31f">
         <name>_ECap1Regs</name>
         <value>0x6a00</value>
         <object_component_ref idref="oc-bc"/>
      </symbol>
      <symbol id="sm-320">
         <name>_EQep1Regs</name>
         <value>0x6b00</value>
         <object_component_ref idref="oc-d3"/>
      </symbol>
      <symbol id="sm-321">
         <name>_McbspaRegs</name>
         <value>0x5000</value>
         <object_component_ref idref="oc-ca"/>
      </symbol>
      <symbol id="sm-322">
         <name>_EPwm1Regs</name>
         <value>0x6800</value>
         <object_component_ref idref="oc-c7"/>
      </symbol>
      <symbol id="sm-323">
         <name>_ECanbRegs</name>
         <value>0x6200</value>
         <object_component_ref idref="oc-cd"/>
      </symbol>
      <symbol id="sm-324">
         <name>_ScibRegs</name>
         <value>0x7750</value>
         <object_component_ref idref="oc-b1"/>
      </symbol>
      <symbol id="sm-325">
         <name>_ECap2Regs</name>
         <value>0x6a20</value>
         <object_component_ref idref="oc-bd"/>
      </symbol>
      <symbol id="sm-326">
         <name>_GpioIntRegs</name>
         <value>0x6fe0</value>
         <object_component_ref idref="oc-af"/>
      </symbol>
      <symbol id="sm-327">
         <name>_EQep2Regs</name>
         <value>0x6b40</value>
         <object_component_ref idref="oc-d4"/>
      </symbol>
      <symbol id="sm-328">
         <name>_PartIdRegs</name>
         <value>0x380090</value>
         <object_component_ref idref="oc-a9"/>
      </symbol>
      <symbol id="sm-329">
         <name>_EPwm2Regs</name>
         <value>0x6840</value>
         <object_component_ref idref="oc-c2"/>
      </symbol>
      <symbol id="sm-32a">
         <name>_ECanaMboxes</name>
         <value>0x6100</value>
         <object_component_ref idref="oc-d9"/>
      </symbol>
      <symbol id="sm-32b">
         <name>_ECap3Regs</name>
         <value>0x6a40</value>
         <object_component_ref idref="oc-ba"/>
      </symbol>
      <symbol id="sm-32c">
         <name>_ECanaMOTORegs</name>
         <value>0x60c0</value>
         <object_component_ref idref="oc-ce"/>
      </symbol>
      <symbol id="sm-32d">
         <name>_EPwm3Regs</name>
         <value>0x6880</value>
         <object_component_ref idref="oc-c3"/>
      </symbol>
      <symbol id="sm-32e">
         <name>_ECanbLAMRegs</name>
         <value>0x6240</value>
         <object_component_ref idref="oc-d5"/>
      </symbol>
      <symbol id="sm-32f">
         <name>_I2caRegs</name>
         <value>0x7900</value>
         <object_component_ref idref="oc-c4"/>
      </symbol>
      <symbol id="sm-355">
         <name>_InitPieCtrl</name>
         <value>0x9326</value>
         <object_component_ref idref="oc-138"/>
      </symbol>
      <symbol id="sm-356">
         <name>_EnableInterrupts</name>
         <value>0x9345</value>
         <object_component_ref idref="oc-138"/>
      </symbol>
      <symbol id="sm-364">
         <name>_PieVectTableInit</name>
         <value>0xd000</value>
         <object_component_ref idref="oc-f1"/>
      </symbol>
      <symbol id="sm-365">
         <name>_InitPieVectTable</name>
         <value>0x936f</value>
         <object_component_ref idref="oc-139"/>
      </symbol>
      <symbol id="sm-36f">
         <name>_InitScicGpio</name>
         <value>0x9206</value>
         <object_component_ref idref="oc-13d"/>
      </symbol>
      <symbol id="sm-370">
         <name>_InitScibGpio</name>
         <value>0x91f2</value>
         <object_component_ref idref="oc-13d"/>
      </symbol>
      <symbol id="sm-371">
         <name>_InitSciaGpio</name>
         <value>0x91dc</value>
         <object_component_ref idref="oc-13d"/>
      </symbol>
      <symbol id="sm-372">
         <name>_InitSciGpio</name>
         <value>0x91d5</value>
         <object_component_ref idref="oc-13d"/>
      </symbol>
      <symbol id="sm-373">
         <name>_InitSci</name>
         <value>0x91d4</value>
         <object_component_ref idref="oc-13d"/>
      </symbol>
      <symbol id="sm-38d">
         <name>_InitPll</name>
         <value>0x8ea2</value>
         <object_component_ref idref="oc-137"/>
      </symbol>
      <symbol id="sm-38e">
         <name>_DisableDog</name>
         <value>0x8e9a</value>
         <object_component_ref idref="oc-137"/>
      </symbol>
      <symbol id="sm-38f">
         <name>_InitPeripheralClocks</name>
         <value>0x8ef2</value>
         <object_component_ref idref="oc-137"/>
      </symbol>
      <symbol id="sm-390">
         <name>_CsmUnlock</name>
         <value>0x8f4d</value>
         <object_component_ref idref="oc-137"/>
      </symbol>
      <symbol id="sm-391">
         <name>_ServiceDog</name>
         <value>0x8e90</value>
         <object_component_ref idref="oc-137"/>
      </symbol>
      <symbol id="sm-392">
         <name>_InitSysCtrl</name>
         <value>0x8e87</value>
         <object_component_ref idref="oc-137"/>
      </symbol>
      <symbol id="sm-3a1">
         <name>_DSP28x_usDelay</name>
         <value>0x808c</value>
         <object_component_ref idref="oc-105"/>
      </symbol>
      <symbol id="sm-3a9">
         <name>_FPUsinTable</name>
         <value>0x3febdc</value>
         <object_component_ref idref="oc-109"/>
      </symbol>
      <symbol id="sm-3aa">
         <name>_FPUatan2HalfPITable</name>
         <value>0x3ff0de</value>
         <object_component_ref idref="oc-109"/>
      </symbol>
      <symbol id="sm-3ab">
         <name>_FPUatan2Table</name>
         <value>0x3ff0e2</value>
         <object_component_ref idref="oc-109"/>
      </symbol>
      <symbol id="sm-3ac">
         <name>_FPUatan2TableEnd</name>
         <value>0x3ff268</value>
         <object_component_ref idref="oc-109"/>
      </symbol>
      <symbol id="sm-3ad">
         <name>_FPUcosTableEnd</name>
         <value>0x3ff0de</value>
         <object_component_ref idref="oc-109"/>
      </symbol>
      <symbol id="sm-3ae">
         <name>_FPUcosTable</name>
         <value>0x3fecdc</value>
         <object_component_ref idref="oc-109"/>
      </symbol>
      <symbol id="sm-3af">
         <name>_FPUsinTableEnd</name>
         <value>0x3fefdc</value>
         <object_component_ref idref="oc-109"/>
      </symbol>
      <symbol id="sm-3b7">
         <name>_cos</name>
         <value>0x9262</value>
         <object_component_ref idref="oc-10a"/>
      </symbol>
      <symbol id="sm-3bf">
         <name>_sin</name>
         <value>0x9296</value>
         <object_component_ref idref="oc-10e"/>
      </symbol>
      <symbol id="sm-3c7">
         <name>_sqrt</name>
         <value>0x934e</value>
         <object_component_ref idref="oc-112"/>
      </symbol>
      <symbol id="sm-3cf">
         <name>FS$$DIV</name>
         <value>0x93c1</value>
         <object_component_ref idref="oc-116"/>
      </symbol>
      <symbol id="sm-3e3">
         <name>_c_int00</name>
         <value>0x921c</value>
         <object_component_ref idref="oc-4b"/>
      </symbol>
      <symbol id="sm-3e4">
         <name>__stack</name>
         <value>0x400</value>
         <object_component_ref idref="oc-11a"/>
      </symbol>
      <symbol id="sm-3f5">
         <name>C$$EXIT</name>
         <value>0x93a8</value>
         <object_component_ref idref="oc-130"/>
      </symbol>
      <symbol id="sm-3f6">
         <name>_exit</name>
         <value>0x93aa</value>
         <object_component_ref idref="oc-130"/>
      </symbol>
      <symbol id="sm-3f7">
         <name>___TI_cleanup_ptr</name>
         <value>0xc09e</value>
         <object_component_ref idref="oc-121"/>
      </symbol>
      <symbol id="sm-3f8">
         <name>_abort</name>
         <value>0x93a8</value>
         <object_component_ref idref="oc-130"/>
      </symbol>
      <symbol id="sm-3f9">
         <name>___TI_dtors_ptr</name>
         <value>0xc0a0</value>
         <object_component_ref idref="oc-121"/>
      </symbol>
      <symbol id="sm-407">
         <name>__unlock</name>
         <value>0xc07c</value>
         <object_component_ref idref="oc-127"/>
      </symbol>
      <symbol id="sm-408">
         <name>__lock</name>
         <value>0xc07e</value>
         <object_component_ref idref="oc-127"/>
      </symbol>
      <symbol id="sm-409">
         <name>__register_lock</name>
         <value>0x93ff</value>
         <object_component_ref idref="oc-133"/>
      </symbol>
      <symbol id="sm-40a">
         <name>__nop</name>
         <value>0x9403</value>
         <object_component_ref idref="oc-133"/>
      </symbol>
      <symbol id="sm-40b">
         <name>__register_unlock</name>
         <value>0x93fb</value>
         <object_component_ref idref="oc-133"/>
      </symbol>
      <symbol id="sm-417">
         <name>__args_main</name>
         <value>0x938f</value>
         <object_component_ref idref="oc-12f"/>
      </symbol>
      <symbol id="sm-418">
         <name>__TI_args_main</name>
         <value>0x1</value>
      </symbol>
   </symbol_table>
   <title>Link successful</title>
</link_info>
