******************************************************************************
             TMS320C2000 Linker PC v6.2.7                      
******************************************************************************
>> Linked Tue Dec 16 19:14:42 2014

OUTPUT FILE NAME:   <Inverter.out>
ENTRY POINT SYMBOL: "_c_int00"  address: 0000921c


MEMORY CONFIGURATION

         name            origin    length      used     unused   attr    fill
----------------------  --------  ---------  --------  --------  ----  --------
PAGE 0:
  BEGIN                 00000000   00000002  00000002  00000000  RWIX
  RAMM0                 00000050   000003b0  00000000  000003b0  RWIX
  RAML0                 00008000   00000500  00000090  00000470  RWIX
  RAML1                 00008500   00001b00  00000f16  00000bea  RWIX
  RAML2                 0000a000   00001000  00000000  00001000  RWIX
  RAML3                 0000b000   00001000  00000000  00001000  RWIX
  ZONE7A                00200000   0000fc00  00000000  0000fc00  RWIX
  CSM_RSVD              0033ff80   00000076  00000000  00000076  RWIX
  CSM_PWL               0033fff8   00000008  00000000  00000008  RWIX
  ADC_CAL               00380080   00000009  00000007  00000002  RWIX
  IQTABLES              003fe000   00000b50  00000000  00000b50  RWIX
  IQTABLES2             003feb50   0000008c  00000000  0000008c  RWIX
  FPUTABLES             003febdc   000006a0  000006a0  00000000  RWIX
  BOOTROM               003ff27c   00000d44  00000000  00000d44  RWIX
  RESET                 003fffc0   00000002  00000000  00000002  RWIX

PAGE 1:
  BOOT_RSVD             00000002   0000004e  00000000  0000004e  RWIX
  RAMM1                 00000400   00000400  00000300  00000100  RWIX
  RAML4                 0000c000   00001000  000000a4  00000f5c  RWIX
  RAML5                 0000d000   00001000  00000100  00000f00  RWIX
  RAML6                 0000e000   00001000  00000000  00001000  RWIX
  RAML7                 0000f000   00001000  00000000  00001000  RWIX
  ZONE7B                0020fc00   00000400  00000000  00000400  RWIX

PAGE 2:
  DEV_EMU               00000880   00000180  000000d0  000000b0  RWIX
  FLASH_REGS            00000a80   00000060  00000008  00000058  RWIX
  CSM                   00000ae0   00000010  00000010  00000000  RWIX
  ADC_MIRROR            00000b00   00000010  00000010  00000000  RWIX
  XINTF                 00000b20   00000020  0000001e  00000002  RWIX
  CPU_TIMER0            00000c00   00000008  00000008  00000000  RWIX
  CPU_TIMER1            00000c08   00000008  00000008  00000000  RWIX
  CPU_TIMER2            00000c10   00000008  00000008  00000000  RWIX
  PIE_CTRL              00000ce0   00000020  0000001a  00000006  RWIX
  PIE_VECT              00000d00   00000100  00000100  00000000  RWIX
  DMA                   00001000   00000200  000000e0  00000120  RWIX
  MCBSPA                00005000   00000040  00000025  0000001b  RWIX
  MCBSPB                00005040   00000040  00000025  0000001b  RWIX
  ECANA                 00006000   00000040  00000034  0000000c  RWIX
  ECANA_LAM             00006040   00000040  00000040  00000000  RWIX
  ECANA_MOTS            00006080   00000040  00000040  00000000  RWIX
  ECANA_MOTO            000060c0   00000040  00000040  00000000  RWIX
  ECANA_MBOX            00006100   00000100  00000100  00000000  RWIX
  ECANB                 00006200   00000040  00000034  0000000c  RWIX
  ECANB_LAM             00006240   00000040  00000040  00000000  RWIX
  ECANB_MOTS            00006280   00000040  00000040  00000000  RWIX
  ECANB_MOTO            000062c0   00000040  00000040  00000000  RWIX
  ECANB_MBOX            00006300   00000100  00000100  00000000  RWIX
  EPWM1                 00006800   00000022  00000022  00000000  RWIX
  EPWM2                 00006840   00000022  00000022  00000000  RWIX
  EPWM3                 00006880   00000022  00000022  00000000  RWIX
  EPWM4                 000068c0   00000022  00000022  00000000  RWIX
  EPWM5                 00006900   00000022  00000022  00000000  RWIX
  EPWM6                 00006940   00000022  00000022  00000000  RWIX
  ECAP1                 00006a00   00000020  00000020  00000000  RWIX
  ECAP2                 00006a20   00000020  00000020  00000000  RWIX
  ECAP3                 00006a40   00000020  00000020  00000000  RWIX
  ECAP4                 00006a60   00000020  00000020  00000000  RWIX
  ECAP5                 00006a80   00000020  00000020  00000000  RWIX
  ECAP6                 00006aa0   00000020  00000020  00000000  RWIX
  EQEP1                 00006b00   00000040  00000040  00000000  RWIX
  EQEP2                 00006b40   00000040  00000040  00000000  RWIX
  GPIOCTRL              00006f80   00000040  0000002e  00000012  RWIX
  GPIODAT               00006fc0   00000020  00000020  00000000  RWIX
  GPIOINT               00006fe0   00000020  0000000a  00000016  RWIX
  SYSTEM                00007010   00000020  00000020  00000000  RWIX
  SPIA                  00007040   00000010  00000010  00000000  RWIX
  SCIA                  00007050   00000010  00000010  00000000  RWIX
  XINTRUPT              00007070   00000010  00000010  00000000  RWIX
  ADC                   00007100   00000020  0000001e  00000002  RWIX
  SCIB                  00007750   00000010  00000010  00000000  RWIX
  SCIC                  00007770   00000010  00000010  00000000  RWIX
  I2CA                  00007900   00000040  00000022  0000001e  RWIX
  CSM_PWL               0033fff8   00000008  00000008  00000000  RWIX
  PARTID                00380090   00000001  00000001  00000000  RWIX


SECTION ALLOCATION MAP

 output                                  attributes/
section   page    origin      length       input sections
--------  ----  ----------  ----------   ----------------
codestart 
*          0    00000000    00000002     
                  00000000    00000002     DSP2833x_CodeStartBranch.obj (codestart)

.pinit     0    00008000    00000000     UNINITIALIZED

.cinit     0    00008000    0000008c     
                  00008000    00000066     PWM_SupportCalculate.obj (.cinit)
                  00008066    0000000a     rts2800_fpu32.lib : _lock.obj (.cinit)
                  00008070    0000000a                       : exit.obj (.cinit)
                  0000807a    00000008     PWM_CoreCalculate.obj (.cinit)
                  00008082    00000008     PWM_Main.obj (.cinit)
                  0000808a    00000002     --HOLE-- [fill = 0]

ramfuncs   0    0000808c    00000004     
                  0000808c    00000004     DSP2833x_usDelay.obj (ramfuncs)

.text      0    00008500    00000f16     
                  00008500    000003d4     PWM_CoreCalculate.obj (.text)
                  000088d4    00000316     DSP2833x_DefaultIsr.obj (.text:retain)
                  00008bea    0000029d     PWM_SupportCalculate.obj (.text)
                  00008e87    000000f7     DSP2833x_SysCtrl.obj (.text)
                  00008f7e    000000c8     DSP2833x_EPwm.obj (.text)
                  00009046    0000009d     PWM_Main.obj (.text:retain)
                  000090e3    0000007c     PWM_ePWM.obj (.text)
                  0000915f    00000075     PWM_Main.obj (.text)
                  000091d4    00000048     DSP2833x_Sci.obj (.text)
                  0000921c    00000046     rts2800_fpu32.lib : boot.obj (.text)
                  00009262    00000034     cos_f32.obj (.text)
                  00009296    00000034     sin_f32.obj (.text)
                  000092ca    00000032     PWM_ADC.obj (.text)
                  000092fc    0000002a     PWM_SCI.obj (.text)
                  00009326    00000028     DSP2833x_PieCtrl.obj (.text)
                  0000934e    00000021     sqrt_f32.obj (.text)
                  0000936f    00000020     DSP2833x_PieVect.obj (.text)
                  0000938f    00000019     rts2800_fpu32.lib : args_main.obj (.text)
                  000093a8    00000019                       : exit.obj (.text)
                  000093c1    00000019     rts2800_fpu32_fast_supplement.lib : div_f32.obj (.text)
                  000093da    00000014     DSP2833x_Adc.obj (.text)
                  000093ee    0000000d     PWM_SCI.obj (.text:retain)
                  000093fb    00000009     rts2800_fpu32.lib : _lock.obj (.text)
                  00009404    00000008     DSP2833x_CodeStartBranch.obj (.text)
                  0000940c    00000007     DSP2833x_DisInt.obj (.text)
                  00009413    00000003     DSP2833x_DBGIER.obj (.text)

csm_rsvd   0    0033ff80    00000076     DSECT
                  0033ff80    00000076     DSP2833x_CSMPasswords.obj (csm_rsvd)

csmpasswds 
*          0    0033fff8    00000008     DSECT
                  0033fff8    00000008     DSP2833x_CSMPasswords.obj (csmpasswds)

.adc_cal   0    00380080    00000007     NOLOAD SECTION
                  00380080    00000007     DSP2833x_ADC_cal.obj (.adc_cal)

FPUmathTables 
*          0    003febdc    000006a0     NOLOAD SECTION
                  003febdc    000006a0     FPUmathTables.obj (FPUmathTables)

.reset     0    003fffc0    00000002     DSECT
                  003fffc0    00000002     rts2800_fpu32.lib : boot.obj (.reset)

.stack     1    00000400    00000300     UNINITIALIZED
                  00000400    00000300     --HOLE--

.ebss      1    0000c000    000000a4     UNINITIALIZED
                  0000c000    00000058     PWM_Parameter.obj (.ebss)
                  0000c058    00000024     PWM_SupportCalculate.obj (.ebss)
                  0000c07c    00000004     rts2800_fpu32.lib : _lock.obj (.ebss)
                  0000c080    00000018     DSP2833x_CpuTimers.obj (.ebss)
                  0000c098    00000006     PWM_Main.obj (.ebss)
                  0000c09e    00000004     rts2800_fpu32.lib : exit.obj (.ebss)
                  0000c0a2    00000002     PWM_CoreCalculate.obj (.ebss)

.econst    1    0000d000    00000100     
                  0000d000    00000100     DSP2833x_PieVect.obj (.econst)

DevEmuRegsFile 
*          2    00000880    000000d0     UNINITIALIZED
                  00000880    000000d0     DSP2833x_GlobalVariableDefs.obj (DevEmuRegsFile)

FlashRegsFile 
*          2    00000a80    00000008     UNINITIALIZED
                  00000a80    00000008     DSP2833x_GlobalVariableDefs.obj (FlashRegsFile)

CsmRegsFile 
*          2    00000ae0    00000010     UNINITIALIZED
                  00000ae0    00000010     DSP2833x_GlobalVariableDefs.obj (CsmRegsFile)

AdcMirrorFile 
*          2    00000b00    00000010     UNINITIALIZED
                  00000b00    00000010     DSP2833x_GlobalVariableDefs.obj (AdcMirrorFile)

XintfRegsFile 
*          2    00000b20    0000001e     UNINITIALIZED
                  00000b20    0000001e     DSP2833x_GlobalVariableDefs.obj (XintfRegsFile)

CpuTimer0RegsFile 
*          2    00000c00    00000008     UNINITIALIZED
                  00000c00    00000008     DSP2833x_GlobalVariableDefs.obj (CpuTimer0RegsFile)

CpuTimer1RegsFile 
*          2    00000c08    00000008     UNINITIALIZED
                  00000c08    00000008     DSP2833x_GlobalVariableDefs.obj (CpuTimer1RegsFile)

CpuTimer2RegsFile 
*          2    00000c10    00000008     UNINITIALIZED
                  00000c10    00000008     DSP2833x_GlobalVariableDefs.obj (CpuTimer2RegsFile)

PieCtrlRegsFile 
*          2    00000ce0    0000001a     UNINITIALIZED
                  00000ce0    0000001a     DSP2833x_GlobalVariableDefs.obj (PieCtrlRegsFile)

PieVectTableFile 
*          2    00000d00    00000100     UNINITIALIZED
                  00000d00    00000100     DSP2833x_GlobalVariableDefs.obj (PieVectTableFile)

DmaRegsFile 
*          2    00001000    000000e0     UNINITIALIZED
                  00001000    000000e0     DSP2833x_GlobalVariableDefs.obj (DmaRegsFile)

McbspaRegsFile 
*          2    00005000    00000025     UNINITIALIZED
                  00005000    00000025     DSP2833x_GlobalVariableDefs.obj (McbspaRegsFile)

McbspbRegsFile 
*          2    00005040    00000025     UNINITIALIZED
                  00005040    00000025     DSP2833x_GlobalVariableDefs.obj (McbspbRegsFile)

ECanaRegsFile 
*          2    00006000    00000034     UNINITIALIZED
                  00006000    00000034     DSP2833x_GlobalVariableDefs.obj (ECanaRegsFile)

ECanaLAMRegsFile 
*          2    00006040    00000040     UNINITIALIZED
                  00006040    00000040     DSP2833x_GlobalVariableDefs.obj (ECanaLAMRegsFile)

ECanaMOTSRegsFile 
*          2    00006080    00000040     UNINITIALIZED
                  00006080    00000040     DSP2833x_GlobalVariableDefs.obj (ECanaMOTSRegsFile)

ECanaMOTORegsFile 
*          2    000060c0    00000040     UNINITIALIZED
                  000060c0    00000040     DSP2833x_GlobalVariableDefs.obj (ECanaMOTORegsFile)

ECanaMboxesFile 
*          2    00006100    00000100     UNINITIALIZED
                  00006100    00000100     DSP2833x_GlobalVariableDefs.obj (ECanaMboxesFile)

ECanbRegsFile 
*          2    00006200    00000034     UNINITIALIZED
                  00006200    00000034     DSP2833x_GlobalVariableDefs.obj (ECanbRegsFile)

ECanbLAMRegsFile 
*          2    00006240    00000040     UNINITIALIZED
                  00006240    00000040     DSP2833x_GlobalVariableDefs.obj (ECanbLAMRegsFile)

ECanbMOTSRegsFile 
*          2    00006280    00000040     UNINITIALIZED
                  00006280    00000040     DSP2833x_GlobalVariableDefs.obj (ECanbMOTSRegsFile)

ECanbMOTORegsFile 
*          2    000062c0    00000040     UNINITIALIZED
                  000062c0    00000040     DSP2833x_GlobalVariableDefs.obj (ECanbMOTORegsFile)

ECanbMboxesFile 
*          2    00006300    00000100     UNINITIALIZED
                  00006300    00000100     DSP2833x_GlobalVariableDefs.obj (ECanbMboxesFile)

EPwm1RegsFile 
*          2    00006800    00000022     UNINITIALIZED
                  00006800    00000022     DSP2833x_GlobalVariableDefs.obj (EPwm1RegsFile)

EPwm2RegsFile 
*          2    00006840    00000022     UNINITIALIZED
                  00006840    00000022     DSP2833x_GlobalVariableDefs.obj (EPwm2RegsFile)

EPwm3RegsFile 
*          2    00006880    00000022     UNINITIALIZED
                  00006880    00000022     DSP2833x_GlobalVariableDefs.obj (EPwm3RegsFile)

EPwm4RegsFile 
*          2    000068c0    00000022     UNINITIALIZED
                  000068c0    00000022     DSP2833x_GlobalVariableDefs.obj (EPwm4RegsFile)

EPwm5RegsFile 
*          2    00006900    00000022     UNINITIALIZED
                  00006900    00000022     DSP2833x_GlobalVariableDefs.obj (EPwm5RegsFile)

EPwm6RegsFile 
*          2    00006940    00000022     UNINITIALIZED
                  00006940    00000022     DSP2833x_GlobalVariableDefs.obj (EPwm6RegsFile)

ECap1RegsFile 
*          2    00006a00    00000020     UNINITIALIZED
                  00006a00    00000020     DSP2833x_GlobalVariableDefs.obj (ECap1RegsFile)

ECap2RegsFile 
*          2    00006a20    00000020     UNINITIALIZED
                  00006a20    00000020     DSP2833x_GlobalVariableDefs.obj (ECap2RegsFile)

ECap3RegsFile 
*          2    00006a40    00000020     UNINITIALIZED
                  00006a40    00000020     DSP2833x_GlobalVariableDefs.obj (ECap3RegsFile)

ECap4RegsFile 
*          2    00006a60    00000020     UNINITIALIZED
                  00006a60    00000020     DSP2833x_GlobalVariableDefs.obj (ECap4RegsFile)

ECap5RegsFile 
*          2    00006a80    00000020     UNINITIALIZED
                  00006a80    00000020     DSP2833x_GlobalVariableDefs.obj (ECap5RegsFile)

ECap6RegsFile 
*          2    00006aa0    00000020     UNINITIALIZED
                  00006aa0    00000020     DSP2833x_GlobalVariableDefs.obj (ECap6RegsFile)

EQep1RegsFile 
*          2    00006b00    00000040     UNINITIALIZED
                  00006b00    00000040     DSP2833x_GlobalVariableDefs.obj (EQep1RegsFile)

EQep2RegsFile 
*          2    00006b40    00000040     UNINITIALIZED
                  00006b40    00000040     DSP2833x_GlobalVariableDefs.obj (EQep2RegsFile)

GpioCtrlRegsFile 
*          2    00006f80    0000002e     UNINITIALIZED
                  00006f80    0000002e     DSP2833x_GlobalVariableDefs.obj (GpioCtrlRegsFile)

GpioDataRegsFile 
*          2    00006fc0    00000020     UNINITIALIZED
                  00006fc0    00000020     DSP2833x_GlobalVariableDefs.obj (GpioDataRegsFile)

GpioIntRegsFile 
*          2    00006fe0    0000000a     UNINITIALIZED
                  00006fe0    0000000a     DSP2833x_GlobalVariableDefs.obj (GpioIntRegsFile)

SysCtrlRegsFile 
*          2    00007010    00000020     UNINITIALIZED
                  00007010    00000020     DSP2833x_GlobalVariableDefs.obj (SysCtrlRegsFile)

SpiaRegsFile 
*          2    00007040    00000010     UNINITIALIZED
                  00007040    00000010     DSP2833x_GlobalVariableDefs.obj (SpiaRegsFile)

SciaRegsFile 
*          2    00007050    00000010     UNINITIALIZED
                  00007050    00000010     DSP2833x_GlobalVariableDefs.obj (SciaRegsFile)

XIntruptRegsFile 
*          2    00007070    00000010     UNINITIALIZED
                  00007070    00000010     DSP2833x_GlobalVariableDefs.obj (XIntruptRegsFile)

AdcRegsFile 
*          2    00007100    0000001e     UNINITIALIZED
                  00007100    0000001e     DSP2833x_GlobalVariableDefs.obj (AdcRegsFile)

ScibRegsFile 
*          2    00007750    00000010     UNINITIALIZED
                  00007750    00000010     DSP2833x_GlobalVariableDefs.obj (ScibRegsFile)

ScicRegsFile 
*          2    00007770    00000010     UNINITIALIZED
                  00007770    00000010     DSP2833x_GlobalVariableDefs.obj (ScicRegsFile)

I2caRegsFile 
*          2    00007900    00000022     UNINITIALIZED
                  00007900    00000022     DSP2833x_GlobalVariableDefs.obj (I2caRegsFile)

CsmPwlFile 
*          2    0033fff8    00000008     UNINITIALIZED
                  0033fff8    00000008     DSP2833x_GlobalVariableDefs.obj (CsmPwlFile)

PartIdRegsFile 
*          2    00380090    00000001     UNINITIALIZED
                  00380090    00000001     DSP2833x_GlobalVariableDefs.obj (PartIdRegsFile)


GLOBAL DATA SYMBOLS: SORTED BY DATA PAGE

address     data page           name
--------    ----------------    ----
00000400      10 (00000400)     __stack

00000880      22 (00000880)     _DevEmuRegs

00000a80      2a (00000a80)     _FlashRegs

00000ae0      2b (00000ac0)     _CsmRegs

00000b00      2c (00000b00)     _AdcMirror
00000b20      2c (00000b00)     _XintfRegs

00000c00      30 (00000c00)     _CpuTimer0Regs
00000c08      30 (00000c00)     _CpuTimer1Regs
00000c10      30 (00000c00)     _CpuTimer2Regs

00000ce0      33 (00000cc0)     _PieCtrlRegs

00000d00      34 (00000d00)     _PieVectTable

00001000      40 (00001000)     _DmaRegs

00005000     140 (00005000)     _McbspaRegs

00005040     141 (00005040)     _McbspbRegs

00006000     180 (00006000)     _ECanaRegs

00006040     181 (00006040)     _ECanaLAMRegs

00006080     182 (00006080)     _ECanaMOTSRegs

000060c0     183 (000060c0)     _ECanaMOTORegs

00006100     184 (00006100)     _ECanaMboxes

00006200     188 (00006200)     _ECanbRegs

00006240     189 (00006240)     _ECanbLAMRegs

00006280     18a (00006280)     _ECanbMOTSRegs

000062c0     18b (000062c0)     _ECanbMOTORegs

00006300     18c (00006300)     _ECanbMboxes

00006800     1a0 (00006800)     _EPwm1Regs

00006840     1a1 (00006840)     _EPwm2Regs

00006880     1a2 (00006880)     _EPwm3Regs

000068c0     1a3 (000068c0)     _EPwm4Regs

00006900     1a4 (00006900)     _EPwm5Regs

00006940     1a5 (00006940)     _EPwm6Regs

00006a00     1a8 (00006a00)     _ECap1Regs
00006a20     1a8 (00006a00)     _ECap2Regs

00006a40     1a9 (00006a40)     _ECap3Regs
00006a60     1a9 (00006a40)     _ECap4Regs

00006a80     1aa (00006a80)     _ECap5Regs
00006aa0     1aa (00006a80)     _ECap6Regs

00006b00     1ac (00006b00)     _EQep1Regs

00006b40     1ad (00006b40)     _EQep2Regs

00006f80     1be (00006f80)     _GpioCtrlRegs

00006fc0     1bf (00006fc0)     _GpioDataRegs
00006fe0     1bf (00006fc0)     _GpioIntRegs

00007010     1c0 (00007000)     _SysCtrlRegs

00007040     1c1 (00007040)     _SpiaRegs
00007050     1c1 (00007040)     _SciaRegs
00007070     1c1 (00007040)     _XIntruptRegs

00007100     1c4 (00007100)     _AdcRegs

00007750     1dd (00007740)     _ScibRegs
00007770     1dd (00007740)     _ScicRegs

00007900     1e4 (00007900)     _I2caRegs

0000c000     300 (0000c000)     _adc_results
0000c001     300 (0000c000)     _mode
0000c002     300 (0000c000)     _dT_IOutput
0000c004     300 (0000c000)     _dT
0000c006     300 (0000c000)     _w
0000c008     300 (0000c000)     _wr
0000c00a     300 (0000c000)     _T_sum
0000c00c     300 (0000c000)     _Tm
0000c00e     300 (0000c000)     _Te_1
0000c010     300 (0000c000)     _Te
0000c012     300 (0000c000)     _Mfif_cal
0000c014     300 (0000c000)     _Mfif
0000c016     300 (0000c000)     _angle
0000c018     300 (0000c000)     _Mfif_compen
0000c01a     300 (0000c000)     _Q_sum
0000c01c     300 (0000c000)     _Q_set
0000c01e     300 (0000c000)     _Q_1
0000c020     300 (0000c000)     _Q
0000c022     300 (0000c000)     _i
0000c024     300 (0000c000)     _ig
0000c026     300 (0000c000)     _L
0000c028     300 (0000c000)     _i_1
0000c02a     300 (0000c000)     _vg_rms
0000c02c     300 (0000c000)     _vg
0000c02e     300 (0000c000)     _vn_rms
0000c030     300 (0000c000)     _wn
0000c032     300 (0000c000)     _K
0000c034     300 (0000c000)     _Dq
0000c036     300 (0000c000)     _P
0000c038     300 (0000c000)     _P_set
0000c03a     300 (0000c000)     _Dp
0000c03c     300 (0000c000)     _R
0000c03e     300 (0000c000)     _I_PI

0000c040     301 (0000c040)     _J
0000c042     301 (0000c040)     _e
0000c044     301 (0000c040)     _data_bit
0000c07c     301 (0000c040)     __unlock
0000c07e     301 (0000c040)     __lock

0000c080     302 (0000c080)     _CpuTimer1
0000c088     302 (0000c080)     _CpuTimer2
0000c090     302 (0000c080)     _CpuTimer0
0000c098     302 (0000c080)     _flag_PWMEnable
0000c099     302 (0000c080)     _flag_DataSend
0000c09a     302 (0000c080)     _Pmean
0000c09c     302 (0000c080)     _Qmean
0000c09e     302 (0000c080)     ___TI_cleanup_ptr
0000c0a0     302 (0000c080)     ___TI_dtors_ptr

0000d000     340 (0000d000)     _PieVectTableInit

0033fff8    cfff (0033ffc0)     _CsmPwl

00380090    e002 (00380080)     _PartIdRegs

003febdc    ffaf (003febc0)     _FPUsinTable

003fecdc    ffb3 (003fecc0)     _FPUcosTable

003fefdc    ffbf (003fefc0)     _FPUsinTableEnd

003ff0de    ffc3 (003ff0c0)     _FPUatan2HalfPITable
003ff0de    ffc3 (003ff0c0)     _FPUcosTableEnd
003ff0e2    ffc3 (003ff0c0)     _FPUatan2Table

003ff268    ffc9 (003ff240)     _FPUatan2TableEnd


GLOBAL SYMBOLS: SORTED ALPHABETICALLY BY Name 

address    name
--------   ----
00008500   .text
000093a8   C$$EXIT
000093c1   FS$$DIV
000089ba   _ADCINT_ISR
000092ca   _ADCInit
00380080   _ADC_cal
00000b00   _AdcMirror
00007100   _AdcRegs
00008500   _CalculateInit
0000c090   _CpuTimer0
00000c00   _CpuTimer0Regs
0000c080   _CpuTimer1
00000c08   _CpuTimer1Regs
0000c088   _CpuTimer2
00000c10   _CpuTimer2Regs
0033fff8   _CsmPwl
00000ae0   _CsmRegs
00008f4d   _CsmUnlock
000088e8   _DATALOG_ISR
00008adc   _DINTCH1_ISR
00008ae6   _DINTCH2_ISR
00008af0   _DINTCH3_ISR
00008afa   _DINTCH4_ISR
00008b04   _DINTCH5_ISR
00008b0e   _DINTCH6_ISR
0000940c   _DSP28x_DisableInt
00009410   _DSP28x_RestoreInt
0000808c   _DSP28x_usDelay
00000880   _DevEmuRegs
00008e9a   _DisableDog
00001000   _DmaRegs
0000c03a   _Dp
0000c034   _Dq
00008b68   _ECAN0INTA_ISR
00008b7c   _ECAN0INTB_ISR
00008b72   _ECAN1INTA_ISR
00008b86   _ECAN1INTB_ISR
00008a50   _ECAP1_INT_ISR
00008a5a   _ECAP2_INT_ISR
00008a64   _ECAP3_INT_ISR
00008a6e   _ECAP4_INT_ISR
00008a78   _ECAP5_INT_ISR
00008a82   _ECAP6_INT_ISR
00006040   _ECanaLAMRegs
000060c0   _ECanaMOTORegs
00006080   _ECanaMOTSRegs
00006100   _ECanaMboxes
00006000   _ECanaRegs
00006240   _ECanbLAMRegs
000062c0   _ECanbMOTORegs
00006280   _ECanbMOTSRegs
00006300   _ECanbMboxes
00006200   _ECanbRegs
00006a00   _ECap1Regs
00006a20   _ECap2Regs
00006a40   _ECap3Regs
00006a60   _ECap4Regs
00006a80   _ECap5Regs
00006aa0   _ECap6Regs
000088fc   _EMUINT_ISR
00008a14   _EPWM1_INT_ISR
000089d8   _EPWM1_TZINT_ISR
00008a1e   _EPWM2_INT_ISR
000089e2   _EPWM2_TZINT_ISR
00008a28   _EPWM3_INT_ISR
000089ec   _EPWM3_TZINT_ISR
00008a32   _EPWM4_INT_ISR
000089f6   _EPWM4_TZINT_ISR
00008a3c   _EPWM5_INT_ISR
00008a00   _EPWM5_TZINT_ISR
00008a46   _EPWM6_INT_ISR
00008a0a   _EPWM6_TZINT_ISR
00006800   _EPwm1Regs
00006840   _EPwm2Regs
00006880   _EPwm3Regs
000068c0   _EPwm4Regs
00006900   _EPwm5Regs
00006940   _EPwm6Regs
00008a8c   _EQEP1_INT_ISR
00008a96   _EQEP2_INT_ISR
00006b00   _EQep1Regs
00006b40   _EQep2Regs
00009345   _EnableInterrupts
003ff0de   _FPUatan2HalfPITable
003ff0e2   _FPUatan2Table
003ff268   _FPUatan2TableEnd
003fecdc   _FPUcosTable
003ff0de   _FPUcosTableEnd
003febdc   _FPUsinTable
003fefdc   _FPUsinTableEnd
00000a80   _FlashRegs
00006f80   _GpioCtrlRegs
00006fc0   _GpioDataRegs
00006fe0   _GpioIntRegs
00008b18   _I2CINT1A_ISR
00008b22   _I2CINT2A_ISR
00007900   _I2caRegs
00008910   _ILLEGAL_ISR
000088d4   _INT13_ISR
000088de   _INT14_ISR
0000c03e   _I_PI
000093da   _InitAdc
00008f7e   _InitEPwm
000090e3   _InitEPwm1
00008f8c   _InitEPwm1Gpio
0000912e   _InitEPwm2
00008f9e   _InitEPwm2Gpio
00008fb0   _InitEPwm3Gpio
00008fc4   _InitEPwm4Gpio
00008fd8   _InitEPwm5Gpio
00008fea   _InitEPwm6Gpio
00008f7f   _InitEPwmGpio
00008ffc   _InitEPwmSyncGpio
00008ef2   _InitPeripheralClocks
00009326   _InitPieCtrl
0000936f   _InitPieVectTable
00008ea2   _InitPll
000091d4   _InitSci
000091d5   _InitSciGpio
000091dc   _InitSciaGpio
000091f2   _InitScibGpio
00009206   _InitScicGpio
00008e87   _InitSysCtrl
00009010   _InitTzGpio
0000c040   _J
0000c032   _K
0000c026   _L
00008bcc   _LUF_ISR
00008bc2   _LVF_ISR
00008ac8   _MRINTA_ISR
00008ab4   _MRINTB_ISR
00008ad2   _MXINTA_ISR
00008abe   _MXINTB_ISR
00005000   _McbspaRegs
00005040   _McbspbRegs
00008e3d   _Mean_Q
00008e62   _Mean_Te
0000c014   _Mfif
0000c012   _Mfif_cal
0000c018   _Mfif_compen
00008906   _NMI_ISR
0000c036   _P
00008bd6   _PIE_RESERVED
00008def   _P_Mean
0000c038   _P_set
00380090   _PartIdRegs
0000872e   _Pd_cal
00000ce0   _PieCtrlRegs
00000d00   _PieVectTable
0000d000   _PieVectTableInit
0000c09a   _Pmean
0000865e   _Pset_cal
0000c020   _Q
00008da4   _QFilter
0000c01e   _Q_1
0000c01c   _Q_set
0000c01a   _Q_sum
0000884d   _Qd_cal
0000c09c   _Qmean
000087d9   _Qset_cal
0000c03c   _R
000088f2   _RTOSINT_ISR
000092e9   _ReadADC
000092fc   _SCIAInit
0000931b   _SCIASend
00008b40   _SCIRXINTA_ISR
00008b54   _SCIRXINTB_ISR
00008b2c   _SCIRXINTC_ISR
00008b4a   _SCITXINTA_ISR
00008b5e   _SCITXINTB_ISR
00008b36   _SCITXINTC_ISR
000093ee   _SCITxA_isr
00008992   _SEQ1INT_ISR
0000899c   _SEQ2INT_ISR
00008aa0   _SPIRXINTA_ISR
00008aaa   _SPITXINTA_ISR
00007050   _SciaRegs
00007750   _ScibRegs
00007770   _ScicRegs
00008e90   _ServiceDog
00009413   _SetDBGIER
00007040   _SpiaRegs
00007010   _SysCtrlRegs
000089c4   _TINT0_ISR
0000c00a   _T_sum
0000c010   _Te
00008d59   _TeFilter
0000c00e   _Te_1
0000c00c   _Tm
00008bea   _TransData
00008974   _USER10_ISR
0000897e   _USER11_ISR
00008988   _USER12_ISR
0000891a   _USER1_ISR
00008924   _USER2_ISR
0000892e   _USER3_ISR
00008938   _USER4_ISR
00008942   _USER5_ISR
0000894c   _USER6_ISR
00008956   _USER7_ISR
00008960   _USER8_ISR
0000896a   _USER9_ISR
00008e14   _Vg_RMS
000089ce   _WAKEINT_ISR
000089a6   _XINT1_ISR
000089b0   _XINT2_ISR
00008b90   _XINT3_ISR
00008b9a   _XINT4_ISR
00008ba4   _XINT5_ISR
00008bae   _XINT6_ISR
00008bb8   _XINT7_ISR
00007070   _XIntruptRegs
00000b20   _XintfRegs
00000700   __STACK_END
00000300   __STACK_SIZE
00000001   __TI_args_main
0000c09e   ___TI_cleanup_ptr
0000c0a0   ___TI_dtors_ptr
ffffffff   ___binit__
ffffffff   ___c_args__
00008000   ___cinit__
00009416   ___etext__
ffffffff   ___pinit__
00008500   ___text__
0000938f   __args_main
0000c07e   __lock
00009403   __nop
000093ff   __register_lock
000093fb   __register_unlock
00000400   __stack
0000c07c   __unlock
000093a8   _abort
0000c000   _adc_results
0000c016   _angle
0000921c   _c_int00
00009262   _cos
0000c004   _dT
0000c002   _dT_IOutput
0000c044   _data_bit
0000c042   _e
00009046   _epwm1_isr
000093aa   _exit
0000c099   _flag_DataSend
0000c098   _flag_PWMEnable
0000c022   _i
0000c028   _i_1
000085fb   _i_sample
0000c024   _ig
0000915f   _main
0000c001   _mode
00008be0   _rsvd_ISR
00009296   _sin
0000934e   _sqrt
0000c02c   _vg
0000c02a   _vg_rms
000085cc   _vg_sample
0000c02e   _vn_rms
0000c006   _w
0000c030   _wn
0000c008   _wr
ffffffff   binit
00008000   cinit
00000000   code_start
00009416   etext
ffffffff   pinit


GLOBAL SYMBOLS: SORTED BY Symbol Address 

address    name
--------   ----
00000000   code_start
00000001   __TI_args_main
00000300   __STACK_SIZE
00000400   __stack
00000700   __STACK_END
00000880   _DevEmuRegs
00000a80   _FlashRegs
00000ae0   _CsmRegs
00000b00   _AdcMirror
00000b20   _XintfRegs
00000c00   _CpuTimer0Regs
00000c08   _CpuTimer1Regs
00000c10   _CpuTimer2Regs
00000ce0   _PieCtrlRegs
00000d00   _PieVectTable
00001000   _DmaRegs
00005000   _McbspaRegs
00005040   _McbspbRegs
00006000   _ECanaRegs
00006040   _ECanaLAMRegs
00006080   _ECanaMOTSRegs
000060c0   _ECanaMOTORegs
00006100   _ECanaMboxes
00006200   _ECanbRegs
00006240   _ECanbLAMRegs
00006280   _ECanbMOTSRegs
000062c0   _ECanbMOTORegs
00006300   _ECanbMboxes
00006800   _EPwm1Regs
00006840   _EPwm2Regs
00006880   _EPwm3Regs
000068c0   _EPwm4Regs
00006900   _EPwm5Regs
00006940   _EPwm6Regs
00006a00   _ECap1Regs
00006a20   _ECap2Regs
00006a40   _ECap3Regs
00006a60   _ECap4Regs
00006a80   _ECap5Regs
00006aa0   _ECap6Regs
00006b00   _EQep1Regs
00006b40   _EQep2Regs
00006f80   _GpioCtrlRegs
00006fc0   _GpioDataRegs
00006fe0   _GpioIntRegs
00007010   _SysCtrlRegs
00007040   _SpiaRegs
00007050   _SciaRegs
00007070   _XIntruptRegs
00007100   _AdcRegs
00007750   _ScibRegs
00007770   _ScicRegs
00007900   _I2caRegs
00008000   ___cinit__
00008000   cinit
0000808c   _DSP28x_usDelay
00008500   .text
00008500   _CalculateInit
00008500   ___text__
000085cc   _vg_sample
000085fb   _i_sample
0000865e   _Pset_cal
0000872e   _Pd_cal
000087d9   _Qset_cal
0000884d   _Qd_cal
000088d4   _INT13_ISR
000088de   _INT14_ISR
000088e8   _DATALOG_ISR
000088f2   _RTOSINT_ISR
000088fc   _EMUINT_ISR
00008906   _NMI_ISR
00008910   _ILLEGAL_ISR
0000891a   _USER1_ISR
00008924   _USER2_ISR
0000892e   _USER3_ISR
00008938   _USER4_ISR
00008942   _USER5_ISR
0000894c   _USER6_ISR
00008956   _USER7_ISR
00008960   _USER8_ISR
0000896a   _USER9_ISR
00008974   _USER10_ISR
0000897e   _USER11_ISR
00008988   _USER12_ISR
00008992   _SEQ1INT_ISR
0000899c   _SEQ2INT_ISR
000089a6   _XINT1_ISR
000089b0   _XINT2_ISR
000089ba   _ADCINT_ISR
000089c4   _TINT0_ISR
000089ce   _WAKEINT_ISR
000089d8   _EPWM1_TZINT_ISR
000089e2   _EPWM2_TZINT_ISR
000089ec   _EPWM3_TZINT_ISR
000089f6   _EPWM4_TZINT_ISR
00008a00   _EPWM5_TZINT_ISR
00008a0a   _EPWM6_TZINT_ISR
00008a14   _EPWM1_INT_ISR
00008a1e   _EPWM2_INT_ISR
00008a28   _EPWM3_INT_ISR
00008a32   _EPWM4_INT_ISR
00008a3c   _EPWM5_INT_ISR
00008a46   _EPWM6_INT_ISR
00008a50   _ECAP1_INT_ISR
00008a5a   _ECAP2_INT_ISR
00008a64   _ECAP3_INT_ISR
00008a6e   _ECAP4_INT_ISR
00008a78   _ECAP5_INT_ISR
00008a82   _ECAP6_INT_ISR
00008a8c   _EQEP1_INT_ISR
00008a96   _EQEP2_INT_ISR
00008aa0   _SPIRXINTA_ISR
00008aaa   _SPITXINTA_ISR
00008ab4   _MRINTB_ISR
00008abe   _MXINTB_ISR
00008ac8   _MRINTA_ISR
00008ad2   _MXINTA_ISR
00008adc   _DINTCH1_ISR
00008ae6   _DINTCH2_ISR
00008af0   _DINTCH3_ISR
00008afa   _DINTCH4_ISR
00008b04   _DINTCH5_ISR
00008b0e   _DINTCH6_ISR
00008b18   _I2CINT1A_ISR
00008b22   _I2CINT2A_ISR
00008b2c   _SCIRXINTC_ISR
00008b36   _SCITXINTC_ISR
00008b40   _SCIRXINTA_ISR
00008b4a   _SCITXINTA_ISR
00008b54   _SCIRXINTB_ISR
00008b5e   _SCITXINTB_ISR
00008b68   _ECAN0INTA_ISR
00008b72   _ECAN1INTA_ISR
00008b7c   _ECAN0INTB_ISR
00008b86   _ECAN1INTB_ISR
00008b90   _XINT3_ISR
00008b9a   _XINT4_ISR
00008ba4   _XINT5_ISR
00008bae   _XINT6_ISR
00008bb8   _XINT7_ISR
00008bc2   _LVF_ISR
00008bcc   _LUF_ISR
00008bd6   _PIE_RESERVED
00008be0   _rsvd_ISR
00008bea   _TransData
00008d59   _TeFilter
00008da4   _QFilter
00008def   _P_Mean
00008e14   _Vg_RMS
00008e3d   _Mean_Q
00008e62   _Mean_Te
00008e87   _InitSysCtrl
00008e90   _ServiceDog
00008e9a   _DisableDog
00008ea2   _InitPll
00008ef2   _InitPeripheralClocks
00008f4d   _CsmUnlock
00008f7e   _InitEPwm
00008f7f   _InitEPwmGpio
00008f8c   _InitEPwm1Gpio
00008f9e   _InitEPwm2Gpio
00008fb0   _InitEPwm3Gpio
00008fc4   _InitEPwm4Gpio
00008fd8   _InitEPwm5Gpio
00008fea   _InitEPwm6Gpio
00008ffc   _InitEPwmSyncGpio
00009010   _InitTzGpio
00009046   _epwm1_isr
000090e3   _InitEPwm1
0000912e   _InitEPwm2
0000915f   _main
000091d4   _InitSci
000091d5   _InitSciGpio
000091dc   _InitSciaGpio
000091f2   _InitScibGpio
00009206   _InitScicGpio
0000921c   _c_int00
00009262   _cos
00009296   _sin
000092ca   _ADCInit
000092e9   _ReadADC
000092fc   _SCIAInit
0000931b   _SCIASend
00009326   _InitPieCtrl
00009345   _EnableInterrupts
0000934e   _sqrt
0000936f   _InitPieVectTable
0000938f   __args_main
000093a8   C$$EXIT
000093a8   _abort
000093aa   _exit
000093c1   FS$$DIV
000093da   _InitAdc
000093ee   _SCITxA_isr
000093fb   __register_unlock
000093ff   __register_lock
00009403   __nop
0000940c   _DSP28x_DisableInt
00009410   _DSP28x_RestoreInt
00009413   _SetDBGIER
00009416   ___etext__
00009416   etext
0000c000   _adc_results
0000c001   _mode
0000c002   _dT_IOutput
0000c004   _dT
0000c006   _w
0000c008   _wr
0000c00a   _T_sum
0000c00c   _Tm
0000c00e   _Te_1
0000c010   _Te
0000c012   _Mfif_cal
0000c014   _Mfif
0000c016   _angle
0000c018   _Mfif_compen
0000c01a   _Q_sum
0000c01c   _Q_set
0000c01e   _Q_1
0000c020   _Q
0000c022   _i
0000c024   _ig
0000c026   _L
0000c028   _i_1
0000c02a   _vg_rms
0000c02c   _vg
0000c02e   _vn_rms
0000c030   _wn
0000c032   _K
0000c034   _Dq
0000c036   _P
0000c038   _P_set
0000c03a   _Dp
0000c03c   _R
0000c03e   _I_PI
0000c040   _J
0000c042   _e
0000c044   _data_bit
0000c07c   __unlock
0000c07e   __lock
0000c080   _CpuTimer1
0000c088   _CpuTimer2
0000c090   _CpuTimer0
0000c098   _flag_PWMEnable
0000c099   _flag_DataSend
0000c09a   _Pmean
0000c09c   _Qmean
0000c09e   ___TI_cleanup_ptr
0000c0a0   ___TI_dtors_ptr
0000d000   _PieVectTableInit
0033fff8   _CsmPwl
00380080   _ADC_cal
00380090   _PartIdRegs
003febdc   _FPUsinTable
003fecdc   _FPUcosTable
003fefdc   _FPUsinTableEnd
003ff0de   _FPUatan2HalfPITable
003ff0de   _FPUcosTableEnd
003ff0e2   _FPUatan2Table
003ff268   _FPUatan2TableEnd
ffffffff   ___binit__
ffffffff   ___c_args__
ffffffff   ___pinit__
ffffffff   binit
ffffffff   pinit

[265 symbols]
